C51 COMPILER V9.56.0.0   LED                                                               04/07/2022 16:31:30 PAGE 1   


C51 COMPILER V9.56.0.0, COMPILATION OF MODULE LED
OBJECT MODULE PLACED IN .\Objects\Led.obj
COMPILER INVOKED BY: E:\keil5\keil5\C51\BIN\C51.EXE ..\Driver\Led.c OPTIMIZE(8,SPEED) BROWSE INCDIR(..\Include;..\Driver
                    -;..\system;..\User) DEBUG OBJECTEXTEND PRINT(.\Listings\Led.lst) TABS(2) OBJECT(.\Objects\Led.obj)

line level    source

   1          
   2          #include <Led.h>
   3          
   4          
   5          extern unsigned char Timer[7];
   6          
   7          unsigned char shidu,yuzhi;
   8          
   9          unsigned char LedChar[] = {
  10            ~0x3f,~0x06,~0x5b,~0x4f,~0x66,~0x6d,~0x7d,~0x07,~0x7f,~0x6f,~0x77,~0x7c,~0x39,~0x5e,~0x79,~0x71,~0x00
  11          };
  12          
  13          
  14          void Led_Driver(unsigned char pos,unsigned char dat)
  15          {
  16   1        P0 = 0xFF;
  17   1        HC138Y(6);
  18   1        P0 = 0x01 << pos;
  19   1        HC138Y(7);
  20   1        P0 = dat;
  21   1        delay_01(500);
  22   1      }
  23          
  24          
  25          
  26          void Led_shidu()
  27          {
  28   1        shidu = AD_Get();
*** WARNING C206 IN LINE 28 OF ..\Driver\Led.c: 'AD_Get': missing function-prototype
  29   1        shidu = shidu*99/255;
  30   1        
  31   1        Led_Driver(0,LedChar[Timer[2]/16]);
  32   1        Led_Driver(1,LedChar[Timer[2]%16]);
  33   1        Led_Driver(2,0xBF);
  34   1        Led_Driver(3,LedChar[Timer[1]/16]);
  35   1        Led_Driver(4,LedChar[Timer[1]%16]);
  36   1        Led_Driver(5,0xFF);
  37   1        Led_Driver(6,LedChar[shidu/10%10]);
  38   1        Led_Driver(7,LedChar[shidu%10]);
  39   1      
  40   1      }
  41          
  42          void Led_yuzhi()
  43          {
  44   1        Led_Driver(0,0xBF);
  45   1        Led_Driver(1,0xBF);
  46   1        Led_Driver(2,0xFF); 
  47   1        Led_Driver(3,0xFF);
  48   1        Led_Driver(4,0xFF); 
  49   1        Led_Driver(5,0xFF); 
  50   1        
  51   1        Led_Driver(6,LedChar[yuzhi/10%10]);
  52   1        Led_Driver(7,LedChar[yuzhi%10]);  
  53   1      }
C51 COMPILER V9.56.0.0   LED                                                               04/07/2022 16:31:30 PAGE 2   

  54          
  55          void Led_Mod()
  56          {
  57   1        P0 = 0xFF;
  58   1        HC138Y(4);
  59   1        if(WorkMod == 1)
  60   1        {
  61   2          P0 = ~0x01;
  62   2        }
  63   1        else
  64   1        {
  65   2          P0 = ~0x02;
  66   2        }
  67   1        HC138Y(0);
  68   1      }
  69          
  70          
  71          
  72          
  73          
  74          
  75          
  76          
  77          
  78          
  79          
  80          
  81          
  82          
  83          
  84          
  85          
  86          
  87          
  88          
  89          
  90          
  91          
  92          
  93          
  94          
  95          
  96          
  97          
  98          
  99          
 100          
 101          
 102          


MODULE INFORMATION:   STATIC OVERLAYABLE
   CODE SIZE        =    267    ----
   CONSTANT SIZE    =   ----    ----
   XDATA SIZE       =   ----    ----
   PDATA SIZE       =   ----    ----
   DATA SIZE        =     19       2
   IDATA SIZE       =   ----    ----
   BIT SIZE         =   ----    ----
END OF MODULE INFORMATION.


C51 COMPILATION COMPLETE.  1 WARNING(S),  0 ERROR(S)
