C51 COMPILER V9.56.0.0   PCF8951                                                           04/08/2022 15:04:10 PAGE 1   


C51 COMPILER V9.56.0.0, COMPILATION OF MODULE PCF8951
OBJECT MODULE PLACED IN .\Objects\PCF8951.obj
COMPILER INVOKED BY: E:\keil5\keil5\C51\BIN\C51.EXE ..\Driver\PCF8951.c OPTIMIZE(8,SPEED) BROWSE INCDIR(..\Include;..\Dr
                    -iver;..\system;..\User) DEBUG OBJECTEXTEND PRINT(.\Listings\PCF8951.lst) TABS(2) OBJECT(.\Objects\PCF8951.obj)

line level    source

   1          #include <PCF8951.h>
   2          
   3          
   4          
   5          
   6          
   7          
   8          void AD_init()
   9          {
  10   1        IIC_Start();
  11   1        IIC_SendByte(0x90);
  12   1        IIC_WaitAck();
  13   1        IIC_SendByte(0x43);
  14   1        IIC_WaitAck();
  15   1        IIC_Stop();
  16   1      }
  17          
  18          unsigned char AD_Get()
  19          {                                               
  20   1        unsigned char temp;                 
  21   1        
  22   1        IIC_Start();
  23   1        IIC_SendByte(0x91);
  24   1        IIC_WaitAck();  
  25   1        temp = IIC_RecByte();
  26   1        
  27   1        return temp;
  28   1      }
  29          
  30          
  31          
  32          
  33          
  34          
  35          
  36          
  37          
  38          
  39          
  40          
  41          
  42          
  43          
  44          
  45          
  46          
  47          
  48          
  49          
  50          
  51          
  52          
  53          

C51 COMPILER V9.56.0.0   PCF8951                                                           04/08/2022 15:04:10 PAGE 2   


MODULE INFORMATION:   STATIC OVERLAYABLE
   CODE SIZE        =     37    ----
   CONSTANT SIZE    =   ----    ----
   XDATA SIZE       =   ----    ----
   PDATA SIZE       =   ----    ----
   DATA SIZE        =   ----    ----
   IDATA SIZE       =   ----    ----
   BIT SIZE         =   ----    ----
END OF MODULE INFORMATION.


C51 COMPILATION COMPLETE.  0 WARNING(S),  0 ERROR(S)
