C51 COMPILER V9.56.0.0   MAIN                                                              01/01/2022 17:05:46 PAGE 1   


C51 COMPILER V9.56.0.0, COMPILATION OF MODULE MAIN
OBJECT MODULE PLACED IN .\Objects\main.obj
COMPILER INVOKED BY: E:\keil5\keil5\C51\BIN\C51.EXE main.c COMPACT ROM(COMPACT) OPTIMIZE(8,SPEED) BROWSE INCDIR(..\Inclu
                    -de;..\Driver;..\System) DEBUG OBJECTEXTEND PRINT(.\Listings\main.lst) TABS(2) OBJECT(.\Objects\main.obj)

line level    source

   1          
   2          
   3          #include <main.h>
   4          
   5          
   6          
   7          
   8          
   9          void main()
  10          {
  11   1        
  12   1        Led_Display_init();   //数码管初始化                      
  13   1        interrupt_init();     //中断初始化
  14   1        Led_Display_show_0(); //上电默认显示0
  15   1        
  16   1        ConfigTimer0(1);  //初始化定时器T0，定时1ms
  17   1        
  18   1        while(1)
  19   1        {
  20   2          if(SnakeGame == 0)   //常态默认模式
  21   2          {
  22   3            
  23   3            if(StopwatchRefresh)   //秒表开关
  24   3            {
  25   4              StopwatchRefresh = 0;
  26   4              StopwatchDisplay();
  27   4            }   
  28   3      
  29   3              KeyDriver();     //按键驱动
  30   3          }
  31   2          else//调用贪吃蛇游戏程序
  32   2          { 
  33   3            Snake_while();
  34   3          }
  35   2          
  36   2          
  37   2        }
  38   1        
  39   1      }
  40          
  41          
  42          void Time0() interrupt 1
  43          {
  44   1        static unsigned char cnt = 0;
  45   1        static unsigned char tmr10ms = 0;
  46   1        
  47   1          TH0 = T0RH;
  48   1          TL0 = T0RL; 
  49   1        
  50   1          cnt++;
  51   1        
  52   1          if(Led_ONF == 0)     //默认与按下数字键1时，显示数码管与键盘模式灯
  53   1          {
  54   2            Led_Display();
C51 COMPILER V9.56.0.0   MAIN                                                              01/01/2022 17:05:46 PAGE 2   

  55   2          }
  56   1          else if(Led_ONF == 1)   //按下数字键2时，关闭数码管，仅显示键盘模式灯
  57   1          {
  58   2            Led_Mode();
  59   2          }
  60   1          else if(Led_ONF == 2)    //数字键3全部显示
  61   1          {
  62   2            if(cnt%2 == 0)       //交替显示数码管与点阵以达到动态刷新的目的
  63   2              {
  64   3                Led_Display();
  65   3              }
  66   2              else
  67   2              {
  68   3                Led_Lattice();
  69   3              } 
  70   2          }
  71   1      
  72   1        KeyScan();              //按键扫描
  73   1          
  74   1          tmr10ms++;
  75   1          if(tmr10ms >= 10)    //秒表计时
  76   1          {
  77   2            tmr10ms = 0;
  78   2            StopwatchCount();
  79   2          }
  80   1        
  81   1      }
  82          
  83          
  84          
  85          
  86          
  87          
  88          
  89          void Time1() interrupt 3
  90          {
  91   1        PT1 = 1; //设置定时器T1中断为高优先级，防止蜂鸣器频率降低波形紊乱导致异响
  92   1          
  93   1          TH1 = T1RH;
  94   1          TL1 = T1RL;
  95   1          BUZZ = ~BUZZ;
  96   1        
  97   1      }
  98          
  99          
 100          
 101          
 102          
 103          
 104          
 105          
 106          
 107          
 108          
 109          
 110          
 111          
 112          
 113          
 114          
 115          
 116          
C51 COMPILER V9.56.0.0   MAIN                                                              01/01/2022 17:05:46 PAGE 3   

 117          
 118          
 119          
 120          
 121          
 122          
 123          
 124          
 125          
 126          
 127          
 128          
 129          
 130          
 131          


MODULE INFORMATION:   STATIC OVERLAYABLE
   CODE SIZE        =    194    ----
   CONSTANT SIZE    =   ----    ----
   XDATA SIZE       =   ----    ----
   PDATA SIZE       =      4    ----
   DATA SIZE        =   ----    ----
   IDATA SIZE       =   ----    ----
   BIT SIZE         =   ----    ----
END OF MODULE INFORMATION.


C51 COMPILATION COMPLETE.  0 WARNING(S),  0 ERROR(S)
