C51 COMPILER V9.56.0.0   STC_KEY                                                           01/01/2022 17:05:46 PAGE 1   


C51 COMPILER V9.56.0.0, COMPILATION OF MODULE STC_KEY
OBJECT MODULE PLACED IN .\Objects\stc_key.obj
COMPILER INVOKED BY: E:\keil5\keil5\C51\BIN\C51.EXE ..\Driver\stc_key.c COMPACT ROM(COMPACT) OPTIMIZE(8,SPEED) BROWSE IN
                    -CDIR(..\Include;..\Driver;..\System) DEBUG OBJECTEXTEND PRINT(.\Listings\stc_key.lst) TABS(2) OBJECT(.\Objects\stc_key.o
                    -bj)

line level    source

   1          
   2          
   3          #include "stc_key.h"
   4          #include <stc_led.h>
   5          #include <stc_BUZZ.h>
   6          #include <stc_delay.h>
   7          
   8          
   9          extern unsigned int code NoteFrequ[];
  10          
  11          extern unsigned char currentKeyVal;
  12          
  13          bit music = 0;
  14          
  15           unsigned char Led_ONF = 0;
  16          
  17          
  18          
  19          unsigned char KeySta[4][4] = {
  20            {1,1,1,1}, {1,1,1,1}, {1,1,1,1}, {1,1,1,1}
  21          };
  22          
  23          
  24          const unsigned char code KeyCodeMap[4][4] = {
  25            {0x31,0x32,0x33,0x26},
  26            {0x34,0x35,0x36,0x25},
  27            {0x37,0x38,0x39,0x28},
  28            {0x30,0x1B,0x0D,0x27}
  29          };
  30          
  31          
  32          
  33           unsigned char Key_Mod = 0;  //键盘切换标志位
  34          
  35           extern unsigned char number_showlat;
  36          
  37          extern unsigned char code LedChar[];
  38          
  39          
  40           bit SnakeGame = 0;     //贪吃蛇游戏开关控制标志位
  41          
  42          
  43          
  44          
  45          
  46          void KeyAction(unsigned char keycode)     //按键动作函数，keycode为按键键码
  47          {
  48   1        static double result = 0;
  49   1        static double addend = 0;
  50   1        unsigned int show_addend;
  51   1        
  52   1        if((keycode >= 0x30) && (keycode <= 0x39))
  53   1        {
C51 COMPILER V9.56.0.0   STC_KEY                                                           01/01/2022 17:05:46 PAGE 2   

  54   2          OpenBuzz(NoteFrequ[keycode-0x30]);
  55   2          delay_01(10);
  56   2          StopBuzz();
  57   2          
  58   2          addend = (addend*10)+(keycode-0x30);
  59   2          
  60   2          show_addend = addend;
  61   2          number_showlat = show_addend%10;
  62   2      
  63   2          if(Led_ONF == 2)
  64   2          {
  65   3            show_addend = 0;
  66   3          }
  67   2          
  68   2          ShowNumber(addend * 10);  //乘以10将小数点后一位转换为整数
  69   2        }
  70   1        else if(keycode == 0x26)    //按上键加法
  71   1        {
  72   2          OpenBuzz(2768);
  73   2          delay_01(10);
  74   2          StopBuzz();
  75   2          
  76   2          number_showlat = 10;
  77   2          
  78   2          result += addend;
  79   2          addend = 0;
  80   2          if(result >= -9999 && result <= 99999)
  81   2          {
  82   3          ShowNumber(result * 10);
  83   3          }
  84   2          else
  85   2          {
  86   3            show_error();
  87   3          }
  88   2        }
  89   1        else if(keycode == 0x28)    //按下键减法
  90   1        {
  91   2          OpenBuzz(1865);
  92   2          delay_01(10);
  93   2          StopBuzz();
  94   2          
  95   2          number_showlat = 11;  
  96   2          
  97   2          result -= addend;
  98   2          addend = 0;
  99   2          if(result >= -9999 && result <= 99999)
 100   2          {
 101   3          ShowNumber(result * 10);
 102   3          }
 103   2          else
 104   2          {
 105   3            show_error();
 106   3          }
 107   2        }
 108   1        else if(keycode == 0x25)    //按左键乘法
 109   1        {
 110   2          OpenBuzz(1760);
 111   2          delay_01(10);
 112   2          StopBuzz();
 113   2          
 114   2          number_showlat = 12;    
 115   2          
C51 COMPILER V9.56.0.0   STC_KEY                                                           01/01/2022 17:05:46 PAGE 3   

 116   2          result *= addend;
 117   2          addend = 0;
 118   2          if(result >= -9999 && result <= 99999)
 119   2          {
 120   3          ShowNumber(result * 10);
 121   3          }
 122   2          else
 123   2          {
 124   3            show_error();
 125   3          }
 126   2        }
 127   1        else if(keycode == 0x27)    //按右键除法
 128   1        {
 129   2          OpenBuzz(2093);
 130   2          delay_01(10);
 131   2          StopBuzz();
 132   2          
 133   2          number_showlat = 13;  
 134   2          
 135   2          result /= addend;
 136   2          addend = 0;
 137   2          if(result >= -9999 && result <= 99999)
 138   2          {
 139   3          ShowNumber(result * 10);
 140   3          }
 141   2          else
 142   2          {
 143   3            show_error();
 144   3          }
 145   2        }
 146   1        else if(keycode == 0x0D)    //回车键 切换键盘模式
 147   1        {
 148   2          OpenBuzz(2768);
 149   2          delay_01(10);
 150   2          StopBuzz();   
 151   2          
 152   2          Key_Mod = 1;
 153   2          
 154   2        }
 155   1        else if(keycode == 0x1B)    //Esc键清零
 156   1        {
 157   2          OpenBuzz(2349);
 158   2          delay_01(10);
 159   2          StopBuzz();   
 160   2          
 161   2          addend = 0;
 162   2          result = 0;
 163   2          ShowNumber(addend);
 164   2          
 165   2          StopwatchReset();
 166   2        }
 167   1      }
 168          
 169          
 170          
 171          void KeyAction_01(unsigned char keycode01)       //切换键盘按键动作检测，按Esc复位回到计算器键盘
 172          {
 173   1        if(keycode01 == 0x1B)    //Esc键清零
 174   1        {
 175   2          OpenBuzz(2349);
 176   2          delay_01(10);
 177   2          StopBuzz();   
C51 COMPILER V9.56.0.0   STC_KEY                                                           01/01/2022 17:05:46 PAGE 4   

 178   2          
 179   2          Key_Mod = 0;
 180   2          
 181   2        }
 182   1        else if(keycode01 == 0x30)    //数字0键 启停秒表
 183   1        {
 184   2          OpenBuzz(1026);
 185   2          delay_01(10);
 186   2          StopBuzz();   
 187   2          
 188   2          StopwatchAction();
 189   2          
 190   2        }
 191   1        else if(keycode01 == 0x31)     //数字键1，启动数码管显示
 192   1        {
 193   2          OpenBuzz(1145);
 194   2          delay_01(10);
 195   2          StopBuzz(); 
 196   2      
 197   2          Led_ONF = 0;
 198   2        }
 199   1        else if(keycode01 == 0x32)       //数字键2，关闭数码管显示
 200   1        {
 201   2          OpenBuzz(1298);
 202   2          delay_01(10);
 203   2          StopBuzz(); 
 204   2      
 205   2          Led_ONF = 1;
 206   2        }
 207   1        else if(keycode01 == 0x33)       //数字键3，启动点阵数码管同时显示
 208   1        {
 209   2          OpenBuzz(1387);
 210   2          delay_01(10);
 211   2          StopBuzz(); 
 212   2      
 213   2          Led_ONF = 2;
 214   2        }
 215   1        else if(keycode01 == 0x34)       //按下数字键4,启动贪吃蛇游戏
 216   1        {
 217   2          OpenBuzz(1568);
 218   2          delay_01(10);
 219   2          StopBuzz();
 220   2      
 221   2          SnakeGame = 1;
 222   2        }
 223   1        else if(keycode01 == 0x35)       //按下数字键5,关闭贪吃蛇游戏
 224   1        {
 225   2          OpenBuzz(1760);
 226   2          delay_01(10);
 227   2          StopBuzz();
 228   2      
 229   2          SnakeGame = 0;
 230   2        }
 231   1        else if(keycode01 == 0x36)       //按下数字键6,开始贪吃蛇游戏
 232   1        {
 233   2          OpenBuzz(1976);
 234   2          delay_01(10);
 235   2          StopBuzz();
 236   2      
 237   2          currentKeyVal = 0x36;
 238   2        } 
 239   1        else if(keycode01 == 0x37)       //按下数字键7,退出贪吃蛇游戏
C51 COMPILER V9.56.0.0   STC_KEY                                                           01/01/2022 17:05:46 PAGE 5   

 240   1        {
 241   2          OpenBuzz(2093);
 242   2          delay_01(10);
 243   2          StopBuzz();
 244   2      
 245   2          currentKeyVal = 0x37;
 246   2        } 
 247   1        else if(keycode01 == 0x26)       //按下上方向键,贪吃蛇向上
 248   1        {
 249   2          OpenBuzz(2768);
 250   2          delay_01(10);
 251   2          StopBuzz();
 252   2      
 253   2          currentKeyVal = 0x26;
 254   2        }
 255   1        else if(keycode01 == 0x28)       //按下下方向键,贪吃蛇向下
 256   1        {
 257   2          OpenBuzz(1865);
 258   2          delay_01(10);
 259   2          StopBuzz();
 260   2      
 261   2          currentKeyVal = 0x28;
 262   2        }
 263   1        else if(keycode01 == 0x25)       //按下左方向键,贪吃蛇向左
 264   1        {
 265   2          OpenBuzz(1760);
 266   2          delay_01(10);
 267   2          StopBuzz();
 268   2      
 269   2          currentKeyVal = 0x25;
 270   2        }
 271   1        else if(keycode01 == 0x27)       //按下右方向键,贪吃蛇向右
 272   1        {
 273   2          OpenBuzz(2093);
 274   2          delay_01(10);
 275   2          StopBuzz();
 276   2      
 277   2          currentKeyVal = 0x27;
 278   2        } 
 279   1        else if(keycode01 == 0x38)    //数字8键 启动音乐播放
 280   1        {
 281   2          OpenBuzz(2349);
 282   2          delay_01(10);
 283   2          StopBuzz();   
 284   2          
 285   2          music = 1;
 286   2          
 287   2        } 
 288   1        else if(keycode01 == 0x39)    //数字9键 停止音乐播放
 289   1        {
 290   2          OpenBuzz(2637);
 291   2          delay_01(10);
 292   2          StopBuzz(); 
 293   2          
 294   2          music = 0;
 295   2          
 296   2        }   
 297   1        
 298   1      }
 299          
 300          
 301          
C51 COMPILER V9.56.0.0   STC_KEY                                                           01/01/2022 17:05:46 PAGE 6   

 302          
 303          
 304          void KeyDriver() //按键驱动函数，检测按键动作
 305          {
 306   1        static unsigned char i,j;
 307   1        static unsigned char backup[4][4] = {
 308   1          {1,1,1,1},{1,1,1,1},{1,1,1,1},{1,1,1,1}
 309   1        };
 310   1        
 311   1        for(i=0;i<4;i++)
 312   1        {
 313   2          for(j=0;j<4;j++)
 314   2          {
 315   3            if(backup[i][j] != KeySta[i][j])
 316   3            {
 317   4              if(backup[i][j] != 0)
 318   4              {
 319   5                if(Key_Mod == 0)
 320   5                {
 321   6                  KeyAction(KeyCodeMap[i][j]);
 322   6                }
 323   5                if(Key_Mod == 1)
 324   5                {
 325   6                  KeyAction_01(KeyCodeMap[i][j]);
 326   6                }
 327   5              }
 328   4              backup[i][j] = KeySta[i][j];
 329   4            }
 330   3          }
 331   2        }
 332   1      }
 333                  
 334          
 335          
 336          
 337            
 338          void KeyScan()                //按键扫描与消抖
 339          {
 340   1        unsigned char i;
 341   1        static unsigned char keyout = 0;
 342   1        static unsigned char keybuf[4][4] = {
 343   1          {0xFF,0xFF,0xFF,0xFF},{0xFF,0xFF,0xFF,0xFF},
 344   1          {0xFF,0xFF,0xFF,0xFF},{0xFF,0xFF,0xFF,0xFF}
 345   1        };
 346   1        
 347   1        keybuf[keyout][0] = (keybuf[keyout][0]<<1) | KEY_IN_1;
 348   1        keybuf[keyout][1] = (keybuf[keyout][1]<<1) | KEY_IN_2;
 349   1        keybuf[keyout][2] = (keybuf[keyout][2]<<1) | KEY_IN_3;
 350   1        keybuf[keyout][3] = (keybuf[keyout][3]<<1) | KEY_IN_4;
 351   1        
 352   1        for(i=0;i<4;i++)
 353   1        {
 354   2          if((keybuf[keyout][i] & 0x0F) == 0x00)
 355   2          {
 356   3            KeySta[keyout][i] = 0;
 357   3          }
 358   2          else if((keybuf[keyout][i] & 0x0F) == 0x0F)
 359   2          {
 360   3            KeySta[keyout][i] = 1;
 361   3          }
 362   2        }
 363   1        
C51 COMPILER V9.56.0.0   STC_KEY                                                           01/01/2022 17:05:46 PAGE 7   

 364   1        keyout++;
 365   1        keyout = keyout & 0x03;
 366   1        switch(keyout)
 367   1        {
 368   2          case 0:KEY_OUT_4 = 1; KEY_OUT_1 = 0;break;
 369   2          case 1:KEY_OUT_1 = 1; KEY_OUT_2 = 0;break;
 370   2          case 2:KEY_OUT_2 = 1; KEY_OUT_3 = 0;break;
 371   2          case 3:KEY_OUT_3 = 1; KEY_OUT_4 = 0;break;
 372   2          default:break;
 373   2        }
 374   1      }
 375          
 376          
 377          
 378          
 379          
 380          
 381          
 382          
 383          
 384          
 385          
 386          
 387          
 388          
 389          
 390          
 391          
 392          


MODULE INFORMATION:   STATIC OVERLAYABLE
   CODE SIZE        =   1664    ----
   CONSTANT SIZE    =     16    ----
   XDATA SIZE       =   ----    ----
   PDATA SIZE       =     61       2
   DATA SIZE        =   ----    ----
   IDATA SIZE       =   ----    ----
   BIT SIZE         =      2    ----
END OF MODULE INFORMATION.


C51 COMPILATION COMPLETE.  0 WARNING(S),  0 ERROR(S)
