C51 COMPILER V9.56.0.0   STC_DELAY                                                         12/31/2021 16:34:37 PAGE 1   


C51 COMPILER V9.56.0.0, COMPILATION OF MODULE STC_DELAY
OBJECT MODULE PLACED IN .\Objects\stc_delay.obj
COMPILER INVOKED BY: E:\keil5\keil5\C51\BIN\C51.EXE ..\System\stc_delay.c COMPACT ROM(COMPACT) OPTIMIZE(8,SPEED) BROWSE 
                    -INCDIR(..\Include;..\Driver;..\System) DEBUG OBJECTEXTEND PRINT(.\Listings\stc_delay.lst) TABS(2) OBJECT(.\Objects\stc_d
                    -elay.obj)

line level    source

   1          
   2          #include <stc_delay.h>
   3          
   4          
   5          
   6            bit StopwatchRunning = 0;
   7            bit StopwatchRefresh = 1;
   8            unsigned char DecimalPart = 0;
   9            unsigned char IntegerPart = 0;
  10            unsigned char minute = 0;
  11          
  12          
  13          
  14          
  15          void delay_01(unsigned int num) //延时函数
  16          {
  17   1         unsigned int i;
  18   1         while(num--)
  19   1         for(i=0; i<628; i++);
  20   1          
  21   1      }
  22          
  23          
  24          void StopwatchAction()    //秒表开关，当秒表开启时按下关闭，反之开启
  25          {
  26   1        if (StopwatchRunning)
  27   1        {
  28   2          StopwatchRunning = 0;
  29   2        }
  30   1        else
  31   1        {
  32   2          StopwatchRunning = 1;
  33   2        }
  34   1      
  35   1      }
  36          
  37          void StopwatchReset()     //秒表复位函数
  38          {
  39   1        StopwatchRunning = 0;
  40   1        DecimalPart = 0;
  41   1        IntegerPart = 0;
  42   1        minute = 0;
  43   1        StopwatchRefresh = 1;
  44   1      
  45   1      }
  46          
  47          
  48          void StopwatchCount()    //秒表数字转换，小数与整数分别显示
  49          {
  50   1        if (StopwatchRunning)
  51   1        {
  52   2          DecimalPart++;
  53   2          if (DecimalPart >= 100)
C51 COMPILER V9.56.0.0   STC_DELAY                                                         12/31/2021 16:34:37 PAGE 2   

  54   2          {
  55   3            DecimalPart = 0;
  56   3            IntegerPart++;
  57   3            if (IntegerPart >= 60)
  58   3            {
  59   4              IntegerPart = 0;
  60   4              minute++;
  61   4              if(minute >= 60)
  62   4              {
  63   5                minute = 0;
  64   5              }
  65   4            }
  66   3          }
  67   2          StopwatchRefresh = 1;
  68   2          
  69   2        }
  70   1        
  71   1      
  72   1      }
  73          
  74          
  75          
  76          
  77          
  78          
  79          
  80          
  81          
  82          
  83          


MODULE INFORMATION:   STATIC OVERLAYABLE
   CODE SIZE        =     95    ----
   CONSTANT SIZE    =   ----    ----
   XDATA SIZE       =   ----    ----
   PDATA SIZE       =      3    ----
   DATA SIZE        =   ----    ----
   IDATA SIZE       =   ----    ----
   BIT SIZE         =      2    ----
END OF MODULE INFORMATION.


C51 COMPILATION COMPLETE.  0 WARNING(S),  0 ERROR(S)
