C51 COMPILER V9.56.0.0   STC_BUZZ                                                          12/31/2021 16:16:41 PAGE 1   


C51 COMPILER V9.56.0.0, COMPILATION OF MODULE STC_BUZZ
OBJECT MODULE PLACED IN .\Objects\stc_BUZZ.obj
COMPILER INVOKED BY: E:\keil5\keil5\C51\BIN\C51.EXE ..\Driver\stc_BUZZ.c COMPACT ROM(COMPACT) OPTIMIZE(8,SPEED) BROWSE I
                    -NCDIR(..\Include;..\Driver;..\System) DEBUG OBJECTEXTEND PRINT(.\Listings\stc_BUZZ.lst) TABS(2) OBJECT(.\Objects\stc_BUZ
                    -Z.obj)

line level    source

   1          
   2          #include <stc_BUZZ.h>
   3          #include <stc_delay.h>
   4          
   5          
   6           unsigned int code NoteFrequ[] = {
   7             1026, 1145, 1298, 1387, 1568,
   8             1760, 1976, 2093, 2349, 2637
   9          };
  10          
  11          
  12           unsigned char T1RH = 0;
  13           unsigned char T1RL = 0;
  14          
  15           
  16          
  17          
  18          
  19          void OpenBuzz(unsigned int frequ)
  20          {
  21   1        unsigned int reload;
  22   1      
  23   1        reload = 65535 - (11059200 / 12) / (frequ * 2);
  24   1        T1RH = (unsigned char)(reload >> 8);
  25   1        T1RL = (unsigned char)reload;
  26   1        TH1 = 0xFF;
  27   1        TL1 = 0xFE;
  28   1        ET1 = 1;
  29   1        TR1 = 1;
  30   1      
  31   1      }
  32          
  33          
  34          void StopBuzz()
  35          {
  36   1        ET1 = 0;
  37   1        TR1 = 0;
  38   1      }
  39          
  40          
  41          void Deja_Vu()
  42          {
  43   1        OpenBuzz(1760);
  44   1        delay_01(10);
  45   1        StopBuzz();
  46   1        
  47   1        OpenBuzz(1976);
  48   1        delay_01(10);
  49   1        StopBuzz();
  50   1      
  51   1        OpenBuzz(2093);
  52   1        delay_01(40);
  53   1        StopBuzz();
C51 COMPILER V9.56.0.0   STC_BUZZ                                                          12/31/2021 16:16:41 PAGE 2   

  54   1        
  55   1        OpenBuzz(1976);
  56   1        delay_01(10);
  57   1        StopBuzz();
  58   1      
  59   1        OpenBuzz(1760);
  60   1        delay_01(10);
  61   1        StopBuzz();
  62   1      
  63   1        OpenBuzz(1568);
  64   1        delay_01(40);
  65   1        StopBuzz(); 
  66   1      
  67   1      }
  68          
  69          
  70          
  71          
  72          
  73          
  74          
  75          


MODULE INFORMATION:   STATIC OVERLAYABLE
   CODE SIZE        =    146    ----
   CONSTANT SIZE    =     20    ----
   XDATA SIZE       =   ----    ----
   PDATA SIZE       =      2    ----
   DATA SIZE        =   ----    ----
   IDATA SIZE       =   ----    ----
   BIT SIZE         =   ----    ----
END OF MODULE INFORMATION.


C51 COMPILATION COMPLETE.  0 WARNING(S),  0 ERROR(S)
