C51 COMPILER V9.56.0.0   STC_28BYJ48                                                       03/18/2022 16:34:51 PAGE 1   


C51 COMPILER V9.56.0.0, COMPILATION OF MODULE STC_28BYJ48
OBJECT MODULE PLACED IN .\Objects\stc_28BYJ48.obj
COMPILER INVOKED BY: E:\keil5\keil5\C51\BIN\C51.EXE ..\Driver\stc_28BYJ48.c COMPACT ROM(COMPACT) OPTIMIZE(8,SPEED) BROWS
                    -E INCDIR(..\Include;..\Driver;..\System) DEBUG OBJECTEXTEND PRINT(.\Listings\stc_28BYJ48.lst) TABS(2) OBJECT(.\Objects\s
                    -tc_28BYJ48.obj)

line level    source

   1          
   2          
   3          
   4          
   5          
   6          
   7          
   8          
   9          
  10          
  11          
  12          
  13          
  14          
  15          
  16          
  17          
  18          


MODULE INFORMATION:   STATIC OVERLAYABLE
   CODE SIZE        =   ----    ----
   CONSTANT SIZE    =   ----    ----
   XDATA SIZE       =   ----    ----
   PDATA SIZE       =   ----    ----
   DATA SIZE        =   ----    ----
   IDATA SIZE       =   ----    ----
   BIT SIZE         =   ----    ----
END OF MODULE INFORMATION.


C51 COMPILATION COMPLETE.  0 WARNING(S),  0 ERROR(S)
