C51 COMPILER V9.56.0.0   STC_UART                                                          03/18/2022 16:34:51 PAGE 1   


C51 COMPILER V9.56.0.0, COMPILATION OF MODULE STC_UART
OBJECT MODULE PLACED IN .\Objects\STC_UART.obj
COMPILER INVOKED BY: E:\keil5\keil5\C51\BIN\C51.EXE ..\System\STC_UART.c COMPACT ROM(COMPACT) OPTIMIZE(8,SPEED) BROWSE I
                    -NCDIR(..\Include;..\Driver;..\System) DEBUG OBJECTEXTEND PRINT(.\Listings\STC_UART.lst) TABS(2) OBJECT(.\Objects\STC_UAR
                    -T.obj)

line level    source

   1          
   2          
   3          #include <config.h>
   4          #include <STC_UART.h>
   5          
   6          
   7          
   8          bit flagFrame = 0;
   9          bit flagTxd = 0;
  10          unsigned char cntRxd = 0;
  11          unsigned char pdata bufRxd[64];
  12          
  13          
  14          void ConfigUART(unsigned int baud)
  15          {
  16   1        SCON = 0X50;
  17   1        TMOD &= 0X0F;
  18   1        TMOD |= 0X20;
  19   1        TH1 = 256 - (11059200 / 12 / 32) / baud;
  20   1        TL1 = TH1;
  21   1        ET1 = 0;
  22   1        ES = 1;
  23   1        TR1 = 1;
  24   1      }
  25          
  26          void UartWrite(unsigned char *buf,unsigned char len)
  27          {
  28   1        while(len--)
  29   1        {
  30   2          flagTxd = 0;
  31   2          SBUF = *buf++;
  32   2          while(!flagTxd);
  33   2        }
  34   1      }
  35          
  36          unsigned char UartRead(unsigned char *buf,unsigned char len)
  37          {
  38   1        unsigned char i;
  39   1        
  40   1        if(len > cntRxd)
  41   1        {
  42   2          len = cntRxd;
  43   2        }
  44   1        for(i = 0;i < len;i++)
  45   1        {
  46   2          *buf++ = bufRxd[i];
  47   2        }
  48   1        cntRxd = 0;
  49   1        return len;
  50   1      }
  51          
  52          void UartRxMonitor(unsigned char ms)
  53          {
C51 COMPILER V9.56.0.0   STC_UART                                                          03/18/2022 16:34:51 PAGE 2   

  54   1        static unsigned char cntbkp = 0;
  55   1        static unsigned char idletmr = 0;
  56   1        
  57   1        if(cntRxd > 0)
  58   1        {
  59   2          if(cntbkp !=cntRxd)
  60   2          {
  61   3            cntbkp = cntRxd;
  62   3            idletmr = 0;
  63   3          }
  64   2          else
  65   2          {
  66   3            if(idletmr < 30)
  67   3            {
  68   4              idletmr += ms;
  69   4              if(idletmr >= 30)
  70   4              {
  71   5                flagFrame = 1;
  72   5              }
  73   4            }
  74   3          }
  75   2        }
  76   1        else
  77   1        {
  78   2          cntbkp = 0;
  79   2        } 
  80   1      }
  81          
  82          void UartDriver()
  83          {
  84   1        unsigned char len;
  85   1        unsigned char pdata buf[40];
  86   1        
  87   1        if(flagFrame)
  88   1        {
  89   2          flagFrame = 0;
  90   2          len = UartRead(buf,sizeof(buf));
  91   2          UartAction(buf,len);
  92   2        }
  93   1      }
  94          
  95          
  96          void InterruptUART() interrupt 4
  97          {
  98   1        if(RI)
  99   1        {
 100   2          RI = 0;
 101   2          if(cntRxd < sizeof(bufRxd))
 102   2          {
 103   3            bufRxd[cntRxd++] = SBUF;
 104   3          }
 105   2        }
 106   1        if(TI)
 107   1        {
 108   2          TI = 0;
 109   2          flagTxd = 1;
 110   2        }
 111   1      }
 112          
 113          
 114          
 115          
C51 COMPILER V9.56.0.0   STC_UART                                                          03/18/2022 16:34:51 PAGE 3   

 116          
 117          
 118          
 119          
 120          
 121          
 122          
 123          
 124          
 125          
 126          
 127          
 128          


MODULE INFORMATION:   STATIC OVERLAYABLE
   CODE SIZE        =    276    ----
   CONSTANT SIZE    =   ----    ----
   XDATA SIZE       =   ----    ----
   PDATA SIZE       =     67      46
   DATA SIZE        =   ----    ----
   IDATA SIZE       =   ----    ----
   BIT SIZE         =      2    ----
END OF MODULE INFORMATION.


C51 COMPILATION COMPLETE.  0 WARNING(S),  0 ERROR(S)
