C51 COMPILER V9.56.0.0   STC_I2C                                                           03/22/2022 21:31:21 PAGE 1   


C51 COMPILER V9.56.0.0, COMPILATION OF MODULE STC_I2C
OBJECT MODULE PLACED IN .\Objects\stc_i2c.obj
COMPILER INVOKED BY: E:\keil5\keil5\C51\BIN\C51.EXE ..\System\stc_i2c.c COMPACT ROM(COMPACT) OPTIMIZE(8,SPEED) BROWSE IN
                    -CDIR(..\Include;..\Driver;..\System) DEBUG OBJECTEXTEND PRINT(.\Listings\stc_i2c.lst) TABS(2) OBJECT(.\Objects\stc_i2c.o
                    -bj)

line level    source

   1          
   2          #include <config.h>
   3          #include <stc_i2c.h>
   4          
   5          void I2CStart()
   6          {
   7   1        I2C_SDA = 1;
   8   1        I2C_SCL = 1;
   9   1        I2CDelay();
  10   1        I2C_SDA = 0;
  11   1        I2CDelay();
  12   1        I2C_SCL = 0;
  13   1      
  14   1      }
  15          
  16          void I2CStop()
  17          {
  18   1        I2C_SCL = 0;
  19   1        I2C_SDA = 0;
  20   1        I2CDelay();
  21   1        I2C_SCL = 1;
  22   1        I2CDelay();
  23   1        I2C_SDA = 1;
  24   1        I2CDelay();
  25   1      
  26   1      }
  27          
  28          bit I2CWrite(unsigned char dat)
  29          {
  30   1        bit ack;
  31   1        unsigned char mask;
  32   1        
  33   1        for(mask = 0x80;mask != 0;mask >>= 1)
  34   1        {
  35   2          if((mask&dat)==0)
  36   2          {
  37   3            I2C_SDA = 0;
  38   3          }
  39   2          else
  40   2          {
  41   3            I2C_SDA = 1;
  42   3          }
  43   2          I2CDelay();
  44   2          I2C_SCL = 1;
  45   2          I2CDelay();
  46   2          I2C_SCL = 0;
  47   2        }
  48   1        I2C_SDA = 1;
  49   1        I2CDelay();
  50   1        I2C_SCL = 1;
  51   1        ack = I2C_SDA;
  52   1        I2CDelay();
  53   1        I2C_SCL = 0;
C51 COMPILER V9.56.0.0   STC_I2C                                                           03/22/2022 21:31:21 PAGE 2   

  54   1          
  55   1        return(~ack);
  56   1      }
  57          
  58          unsigned char I2CReadNAK()
  59          {
  60   1        unsigned char mask;
  61   1        unsigned char dat;
  62   1        
  63   1        I2C_SDA = 1;
  64   1        for(mask=0x80; mask!=0; mask >>= 1)
  65   1        {
  66   2          I2CDelay();
  67   2          I2C_SCL = 1;
  68   2          if(I2C_SDA == 0)
  69   2          {
  70   3            dat &= ~mask;
  71   3          }
  72   2          else
  73   2          {
  74   3            dat |= mask;
  75   3          }
  76   2          I2CDelay();
  77   2          I2C_SCL = 0;
  78   2        }
  79   1        I2C_SDA = 1;
  80   1        I2CDelay();
  81   1        I2C_SCL = 1;
  82   1        I2CDelay();
  83   1        I2C_SCL = 0;
  84   1        
  85   1        return dat;
  86   1      }
  87          
  88          unsigned char I2CReadACK()
  89          {
  90   1        unsigned char mask;
  91   1        unsigned char dat;
  92   1        
  93   1        I2C_SDA = 1;
  94   1        for(mask=0x80; mask!=0; mask >>= 1)
  95   1        {
  96   2          I2CDelay();
  97   2          I2C_SCL = 1;
  98   2          if(I2C_SDA == 0)
  99   2          {
 100   3            dat &= ~mask;
 101   3          }
 102   2          else
 103   2          {
 104   3            dat |= mask;
 105   3          }
 106   2          I2CDelay();
 107   2          I2C_SCL = 0;
 108   2        }
 109   1        I2C_SDA = 0;
 110   1        I2CDelay();
 111   1        I2C_SCL = 1;
 112   1        I2CDelay();
 113   1        I2C_SCL = 0;
 114   1        
 115   1        return dat;
C51 COMPILER V9.56.0.0   STC_I2C                                                           03/22/2022 21:31:21 PAGE 3   

 116   1      }
 117          
 118          
 119          
 120          
 121          
 122          
 123          
 124          
 125          
 126          
 127          
 128          
 129          
 130          
 131          
 132          
 133          
 134          
 135          
 136          
 137          
 138          
 139          
 140          
 141          
 142          
 143          
 144          
 145          
 146          
 147          
 148          
 149          
 150          


MODULE INFORMATION:   STATIC OVERLAYABLE
   CODE SIZE        =    194    ----
   CONSTANT SIZE    =   ----    ----
   XDATA SIZE       =   ----    ----
   PDATA SIZE       =   ----    ----
   DATA SIZE        =   ----    ----
   IDATA SIZE       =   ----    ----
   BIT SIZE         =   ----       1
END OF MODULE INFORMATION.


C51 COMPILATION COMPLETE.  0 WARNING(S),  0 ERROR(S)
