BL51 BANKED LINKER/LOCATER V6.22                                                        03/24/2022  20:22:56  PAGE 1


BL51 BANKED LINKER/LOCATER V6.22, INVOKED BY:
E:\KEIL5\KEIL5\C51\BIN\BL51.EXE .\Objects\STARTUP.obj, .\Objects\main.obj, .\Objects\stc_int.obj, .\Objects\stc_i2c.obj,
>>  .\Objects\stc_delay.obj, .\Objects\stc_BUZZ.obj, .\Objects\stc_key.obj, .\Objects\stc_LCD1602.obj, .\Objects\EEPROM.
>> obj, .\Objects\Password.obj TO .\Objects\ÃÜÂëËøtest PRINT (.\Listings\ÃÜÂëËøtest.m51) RAMSIZE (256)


MEMORY MODEL: COMPACT


INPUT MODULES INCLUDED:
  .\Objects\STARTUP.obj (?C_STARTUP)
  .\Objects\main.obj (MAIN)
  .\Objects\stc_int.obj (STC_INT)
  .\Objects\stc_i2c.obj (STC_I2C)
  .\Objects\stc_delay.obj (STC_DELAY)
  .\Objects\stc_BUZZ.obj (STC_BUZZ)
  .\Objects\stc_key.obj (STC_KEY)
  .\Objects\stc_LCD1602.obj (STC_LCD1602)
  .\Objects\EEPROM.obj (EEPROM)
  .\Objects\Password.obj (PASSWORD)
  E:\KEIL5\KEIL5\C51\LIB\C51C.LIB (?C_INIT)
  E:\KEIL5\KEIL5\C51\LIB\C51C.LIB (?C?CLDPTR)
  E:\KEIL5\KEIL5\C51\LIB\C51C.LIB (?C?CSTPTR)
  E:\KEIL5\KEIL5\C51\LIB\C51C.LIB (?C?LMUL)
  E:\KEIL5\KEIL5\C51\LIB\C51C.LIB (?C?ULDIV)
  E:\KEIL5\KEIL5\C51\LIB\C51C.LIB (?C?SLDIV)
  E:\KEIL5\KEIL5\C51\LIB\C51C.LIB (?C?SLCMP)
  E:\KEIL5\KEIL5\C51\LIB\C51C.LIB (?C?ULSHR)
  E:\KEIL5\KEIL5\C51\LIB\C51C.LIB (?C?LSTPDATA)
  E:\KEIL5\KEIL5\C51\LIB\C51C.LIB (?C?LSTKPDATA)


LINK MAP OF MODULE:  .\Objects\ÃÜÂëËøtest (?C_STARTUP)


            TYPE    BASE      LENGTH    RELOCATION   SEGMENT NAME
            -----------------------------------------------------

            * * * * * * *   D A T A   M E M O R Y   * * * * * * *
            REG     0000H     0008H     ABSOLUTE     "REG BANK 0"
                    0008H     0018H                  *** GAP ***
            BIT     0020H.0   0000H.1   UNIT         _BIT_GROUP_
                    0020H.1   0000H.7                *** GAP ***
            IDATA   0021H     0001H     UNIT         ?STACK

            * * * * * * *  X D A T A   M E M O R Y  * * * * * * *
            XDATA   0000H     0004H     INPAGE       ?PD?MAIN
            XDATA   0004H     0002H     INPAGE       ?PD?STC_BUZZ
            XDATA   0006H     0033H     INPAGE       ?PD?STC_KEY
            XDATA   0039H     0031H     INPAGE       ?PD?PASSWORD
            XDATA   006AH     001AH     INPAGE       _PDATA_GROUP_

            * * * * * * *   C O D E   M E M O R Y   * * * * * * *
            CODE    0000H     0003H     ABSOLUTE     
            CODE    0003H     0005H     INBLOCK      ?PR?STOPBUZZ?STC_BUZZ
                    0008H     0003H                  *** GAP ***
            CODE    000BH     0003H     ABSOLUTE     
            CODE    000EH     000BH     INBLOCK      ?PR?KEY_ESC?PASSWORD
BL51 BANKED LINKER/LOCATER V6.22                                                      03/24/2022  20:22:56  PAGE 2


                    0019H     0002H                  *** GAP ***
            CODE    001BH     0003H     ABSOLUTE     
            CODE    001EH     01ECH     INBLOCK      ?PR?KEY_ENTER?PASSWORD
            CODE    020AH     0196H     UNIT         ?C?LIB_CODE
            CODE    03A0H     0122H     UNIT         ?CO?PASSWORD
            CODE    04C2H     00DBH     INBLOCK      ?PR?KEYSCAN?STC_KEY
            CODE    059DH     00B0H     INBLOCK      ?PR?_CONFIGTIMER0?STC_INT
            CODE    064DH     0093H     UNIT         ?CO?MAIN
            CODE    06E0H     008CH     UNIT         ?C_C51STARTUP
            CODE    076CH     0082H     INBLOCK      ?PR?KEYDRIVER?STC_KEY
            CODE    07EEH     0012H     INBLOCK      ?PR?LCDWAITREADY?STC_LCD1602
            CODE    0800H     0080H     INBLOCK      ?PR?ENTER_INIT?MAIN
            CODE    0880H     006FH     INBLOCK      ?PR?_KEYACTION?PASSWORD
            CODE    08EFH     0066H     INBLOCK      ?PR?_E2READ?EEPROM
            CODE    0955H     005FH     INBLOCK      ?PR?_E2WRITE?EEPROM
            CODE    09B4H     0059H     INBLOCK      ?PR?_KEY_NUMBER?PASSWORD
            CODE    0A0DH     004BH     INBLOCK      ?PR?READ_PASSWORD?PASSWORD
            CODE    0A58H     0048H     INBLOCK      ?PR?MAIN?MAIN
            CODE    0AA0H     0046H     UNIT         ?C_INITSEG
            CODE    0AE6H     0044H     INBLOCK      ?PR?INTERRUPTTIMER0?MAIN
            CODE    0B2AH     0044H     UNIT         ?C?LDIV
            CODE    0B6EH     0043H     INBLOCK      ?PR?_CMPMEMORY?PASSWORD
            CODE    0BB1H     0042H     INBLOCK      ?PR?_DELAY_01?STC_DELAY
            CODE    0BF3H     0040H     INBLOCK      ?PR?_COPY_NUMBER?PASSWORD
            CODE    0C33H     003EH     INBLOCK      ?PR?SHOW_PSWCNT?PASSWORD
            CODE    0C71H     003BH     INBLOCK      ?PR?_FILL_NUMBER?PASSWORD
            CODE    0CACH     003AH     INBLOCK      ?PR?SAVE_PASSWORD?PASSWORD
            CODE    0CE6H     0037H     INBLOCK      ?PR?_LCDSHOWSTR?STC_LCD1602
            CODE    0D1DH     0036H     INBLOCK      ?PR?_I2CWRITE?STC_I2C
            CODE    0D53H     0033H     INBLOCK      ?PR?I2CREADNAK?STC_I2C
            CODE    0D86H     0033H     INBLOCK      ?PR?I2CREADACK?STC_I2C
            CODE    0DB9H     0033H     INBLOCK      ?PR?BUZZ_WARNING?STC_BUZZ
            CODE    0DECH     002EH     INBLOCK      ?PR?_OPENBUZZ?STC_BUZZ
            CODE    0E1AH     002BH     INBLOCK      ?PR?_PSW_CHECK?PASSWORD
            CODE    0E45H     001EH     INBLOCK      ?PR?TIME1?MAIN
            CODE    0E63H     001EH     INBLOCK      ?PR?_DELAY_02?STC_DELAY
            CODE    0E81H     0015H     INBLOCK      ?PR?I2CSTOP?STC_I2C
            CODE    0E96H     0014H     UNIT         ?CO?STC_BUZZ
            CODE    0EAAH     0014H     INBLOCK      ?PR?INITLCD1602?STC_LCD1602
            CODE    0EBEH     0012H     INBLOCK      ?PR?_LCDWRITECMD?STC_LCD1602
            CODE    0ED0H     0012H     INBLOCK      ?PR?_LCDWRITEDAT?STC_LCD1602
            CODE    0EE2H     0012H     INBLOCK      ?PR?_LCDSETCURSOR?STC_LCD1602
            CODE    0EF4H     0011H     INBLOCK      ?PR?I2CSTART?STC_I2C
            CODE    0F05H     0010H     UNIT         ?CO?STC_KEY



OVERLAY MAP OF MODULE:   .\Objects\ÃÜÂëËøtest (?C_STARTUP)


SEGMENT                                  BIT_GROUP          PDATA_GROUP
  +--> CALLED SEGMENT                 START    LENGTH     START    LENGTH
-------------------------------------------------------------------------
?C_C51STARTUP                         -----    -----      -----    -----
  +--> ?PR?MAIN?MAIN
  +--> ?C_INITSEG

BL51 BANKED LINKER/LOCATER V6.22                                                      03/24/2022  20:22:56  PAGE 3


?PR?MAIN?MAIN                         -----    -----      -----    -----
  +--> ?PR?_CONFIGTIMER0?STC_INT
  +--> ?PR?INITLCD1602?STC_LCD1602
  +--> ?PR?READ_PASSWORD?PASSWORD
  +--> ?PR?ENTER_INIT?MAIN
  +--> ?PR?_FILL_NUMBER?PASSWORD
  +--> ?PR?KEYDRIVER?STC_KEY

?PR?_CONFIGTIMER0?STC_INT             -----    -----      006AH    0004H

?PR?INITLCD1602?STC_LCD1602           -----    -----      -----    -----
  +--> ?PR?_LCDWRITECMD?STC_LCD1602

?PR?_LCDWRITECMD?STC_LCD1602          -----    -----      -----    -----
  +--> ?PR?LCDWAITREADY?STC_LCD1602

?PR?READ_PASSWORD?PASSWORD            -----    -----      006BH    0011H
  +--> ?PR?_E2READ?EEPROM
  +--> ?PR?_PSW_CHECK?PASSWORD
  +--> ?PR?_COPY_NUMBER?PASSWORD
  +--> ?PR?_FILL_NUMBER?PASSWORD

?PR?_E2READ?EEPROM                    -----    -----      007CH    0005H
  +--> ?PR?I2CSTART?STC_I2C
  +--> ?PR?_I2CWRITE?STC_I2C
  +--> ?PR?I2CSTOP?STC_I2C
  +--> ?PR?I2CREADACK?STC_I2C
  +--> ?PR?I2CREADNAK?STC_I2C

?PR?_I2CWRITE?STC_I2C                 0020H.0  0000H.1    -----    -----

?PR?_PSW_CHECK?PASSWORD               -----    -----      007CH    0003H

?PR?_COPY_NUMBER?PASSWORD             -----    -----      007DH    0007H

?PR?_FILL_NUMBER?PASSWORD             -----    -----      007DH    0005H

?PR?ENTER_INIT?MAIN                   -----    -----      -----    -----
  +--> ?PR?_LCDWRITECMD?STC_LCD1602
  +--> ?CO?MAIN
  +--> ?PR?_LCDSHOWSTR?STC_LCD1602

?PR?_LCDSHOWSTR?STC_LCD1602           -----    -----      007DH    0003H
  +--> ?PR?_LCDSETCURSOR?STC_LCD1602
  +--> ?PR?_LCDWRITEDAT?STC_LCD1602

?PR?_LCDSETCURSOR?STC_LCD1602         -----    -----      -----    -----
  +--> ?PR?_LCDWRITECMD?STC_LCD1602

?PR?_LCDWRITEDAT?STC_LCD1602          -----    -----      -----    -----
  +--> ?PR?LCDWAITREADY?STC_LCD1602

?PR?KEYDRIVER?STC_KEY                 -----    -----      -----    -----
  +--> ?CO?STC_KEY
  +--> ?PR?_KEYACTION?PASSWORD

?PR?_KEYACTION?PASSWORD               -----    -----      006AH    0001H
BL51 BANKED LINKER/LOCATER V6.22                                                      03/24/2022  20:22:56  PAGE 4


  +--> ?CO?STC_BUZZ
  +--> ?PR?_OPENBUZZ?STC_BUZZ
  +--> ?PR?_DELAY_02?STC_DELAY
  +--> ?PR?STOPBUZZ?STC_BUZZ
  +--> ?PR?_KEY_NUMBER?PASSWORD
  +--> ?PR?KEY_ENTER?PASSWORD
  +--> ?PR?KEY_ESC?PASSWORD

?PR?_KEY_NUMBER?PASSWORD              -----    -----      006BH    0001H
  +--> ?PR?ENTER_INIT?MAIN
  +--> ?PR?SHOW_PSWCNT?PASSWORD
  +--> ?PR?_FILL_NUMBER?PASSWORD
  +--> ?CO?PASSWORD
  +--> ?PR?_LCDSHOWSTR?STC_LCD1602
  +--> ?PR?_DELAY_01?STC_DELAY

?PR?SHOW_PSWCNT?PASSWORD              -----    -----      006CH    0011H
  +--> ?PR?_COPY_NUMBER?PASSWORD
  +--> ?PR?_FILL_NUMBER?PASSWORD
  +--> ?PR?_LCDSHOWSTR?STC_LCD1602

?PR?_DELAY_01?STC_DELAY               -----    -----      006CH    0004H

?PR?KEY_ENTER?PASSWORD                -----    -----      -----    -----
  +--> ?PR?_CMPMEMORY?PASSWORD
  +--> ?CO?PASSWORD
  +--> ?PR?_LCDSHOWSTR?STC_LCD1602
  +--> ?PR?_DELAY_01?STC_DELAY
  +--> ?PR?_LCDWRITECMD?STC_LCD1602
  +--> ?PR?ENTER_INIT?MAIN
  +--> ?PR?_FILL_NUMBER?PASSWORD
  +--> ?PR?_COPY_NUMBER?PASSWORD
  +--> ?PR?SAVE_PASSWORD?PASSWORD
  +--> ?PR?READ_PASSWORD?PASSWORD
  +--> ?PR?BUZZ_WARNING?STC_BUZZ

?PR?_CMPMEMORY?PASSWORD               -----    -----      006BH    0007H

?PR?SAVE_PASSWORD?PASSWORD            -----    -----      006BH    0011H
  +--> ?PR?_COPY_NUMBER?PASSWORD
  +--> ?PR?_PSW_CHECK?PASSWORD
  +--> ?PR?_E2WRITE?EEPROM

?PR?_E2WRITE?EEPROM                   -----    -----      007CH    0005H
  +--> ?PR?I2CSTART?STC_I2C
  +--> ?PR?_I2CWRITE?STC_I2C
  +--> ?PR?I2CSTOP?STC_I2C

?PR?BUZZ_WARNING?STC_BUZZ             -----    -----      -----    -----
  +--> ?PR?_OPENBUZZ?STC_BUZZ
  +--> ?PR?_DELAY_02?STC_DELAY
  +--> ?PR?STOPBUZZ?STC_BUZZ
  +--> ?PR?_DELAY_01?STC_DELAY

?PR?KEY_ESC?PASSWORD                  -----    -----      -----    -----
  +--> ?PR?ENTER_INIT?MAIN
  +--> ?PR?_FILL_NUMBER?PASSWORD
BL51 BANKED LINKER/LOCATER V6.22                                                      03/24/2022  20:22:56  PAGE 5



*** NEW ROOT ***************************************************

?PR?INTERRUPTTIMER0?MAIN              -----    -----      -----    -----
  +--> ?PR?KEYSCAN?STC_KEY



SYMBOL TABLE OF MODULE:  .\Objects\ÃÜÂëËøtest (?C_STARTUP)

  VALUE           TYPE          NAME
  ----------------------------------

  -------         MODULE        ?C_STARTUP
  C:06E0H         SEGMENT       ?C_C51STARTUP
  I:0021H         SEGMENT       ?STACK
  C:0000H         PUBLIC        ?C_STARTUP
  D:00E0H         SYMBOL        ACC
  D:00F0H         SYMBOL        B
  D:0083H         SYMBOL        DPH
  D:0082H         SYMBOL        DPL
  N:0000H         SYMBOL        IBPSTACK
  N:0100H         SYMBOL        IBPSTACKTOP
  N:0080H         SYMBOL        IDATALEN
  C:06E3H         SYMBOL        IDATALOOP
  N:0000H         SYMBOL        PBPSTACK
  N:0100H         SYMBOL        PBPSTACKTOP
  N:0000H         SYMBOL        PDATALEN
  N:0000H         SYMBOL        PDATASTART
  N:0000H         SYMBOL        PPAGE
  N:0000H         SYMBOL        PPAGEENABLE
  D:00A0H         SYMBOL        PPAGE_SFR
  D:0081H         SYMBOL        SP
  C:06E0H         SYMBOL        STARTUP1
  N:0000H         SYMBOL        XBPSTACK
  N:0000H         SYMBOL        XBPSTACKTOP
  N:0000H         SYMBOL        XDATALEN
  N:0000H         SYMBOL        XDATASTART
  C:0000H         LINE#         126
  C:06E0H         LINE#         133
  C:06E2H         LINE#         134
  C:06E3H         LINE#         135
  C:06E4H         LINE#         136
  C:06E6H         LINE#         185
  C:06E9H         LINE#         196
  -------         ENDMOD        ?C_STARTUP

  -------         MODULE        MAIN
  C:0000H         SYMBOL        _ICE_DUMMY_
  D:0080H         PUBLIC        P0
  D:0090H         PUBLIC        P1
  D:00A0H         PUBLIC        P2
  D:00B0H         PUBLIC        P3
  D:00E8H         PUBLIC        P4
  B:00A8H.7       PUBLIC        EA
  C:0AE6H         PUBLIC        InterruptTimer0
  D:00A8H         PUBLIC        IE
BL51 BANKED LINKER/LOCATER V6.22                                                      03/24/2022  20:22:56  PAGE 6


  D:00B8H         PUBLIC        IP
  X:0000H         PUBLIC        T0RH
  X:0001H         PUBLIC        T0RL
  X:0002H         PUBLIC        state
  C:0A58H         PUBLIC        main
  X:0003H         PUBLIC        EnterCnt
  D:0098H         PUBLIC        SCON
  D:0088H         PUBLIC        TCON
  C:0E45H         PUBLIC        Time1
  B:0090H.6       PUBLIC        BUZZ
  D:008CH         PUBLIC        TH0
  D:008DH         PUBLIC        TH1
  D:008AH         PUBLIC        TL0
  D:008BH         PUBLIC        TL1
  B:00B8H.3       PUBLIC        PT1
  D:00C8H         PUBLIC        T2CON
  C:0800H         PUBLIC        Enter_Init
  D:00D0H         PUBLIC        PSW
  -------         PROC          MAIN
  C:0A58H         LINE#         9
  C:0A58H         LINE#         10
  C:0A58H         LINE#         11
  C:0A5AH         LINE#         12
  C:0A61H         LINE#         13
  C:0A64H         LINE#         15
  C:0A69H         LINE#         16
  C:0A69H         LINE#         17
  C:0A6DH         LINE#         18
  C:0A6FH         LINE#         20
  C:0A6FH         LINE#         21
  C:0A74H         LINE#         22
  C:0A74H         LINE#         23
  C:0A77H         LINE#         24
  C:0A87H         LINE#         25
  C:0A97H         LINE#         26
  C:0A9BH         LINE#         29
  C:0A9BH         LINE#         30
  C:0A9BH         LINE#         31
  C:0A9EH         LINE#         32
  -------         ENDPROC       MAIN
  -------         PROC          ENTER_INIT
  C:0800H         LINE#         35
  C:0800H         LINE#         36
  C:0800H         LINE#         37
  C:0805H         LINE#         38
  C:080AH         LINE#         39
  C:080AH         LINE#         40
  C:0810H         LINE#         41
  C:0810H         LINE#         42
  C:0812H         LINE#         43
  C:0818H         LINE#         44
  C:0818H         LINE#         45
  C:0824H         LINE#         46
  C:082AH         LINE#         47
  C:082CH         LINE#         48
  C:0832H         LINE#         49
  C:0832H         LINE#         50
BL51 BANKED LINKER/LOCATER V6.22                                                      03/24/2022  20:22:56  PAGE 7


  C:083EH         LINE#         51
  C:0844H         LINE#         52
  C:0846H         LINE#         53
  C:084CH         LINE#         54
  C:084CH         LINE#         55
  C:0858H         LINE#         56
  C:085EH         LINE#         57
  C:0860H         LINE#         58
  C:0866H         LINE#         59
  C:0866H         LINE#         60
  C:0872H         LINE#         61
  C:087FH         LINE#         62
  C:087FH         LINE#         63
  -------         ENDPROC       ENTER_INIT
  -------         PROC          INTERRUPTTIMER0
  C:0AE6H         LINE#         65
  C:0B03H         LINE#         67
  C:0B08H         LINE#         68
  C:0B0CH         LINE#         70
  C:0B0FH         LINE#         71
  -------         ENDPROC       INTERRUPTTIMER0
  -------         PROC          TIME1
  C:0E45H         LINE#         74
  C:0E4EH         LINE#         76
  C:0E50H         LINE#         78
  C:0E55H         LINE#         79
  C:0E5AH         LINE#         80
  C:0E5CH         LINE#         82
  -------         ENDPROC       TIME1
  -------         ENDMOD        MAIN

  -------         MODULE        STC_INT
  C:0000H         SYMBOL        _ICE_DUMMY_
  D:0080H         PUBLIC        P0
  D:0090H         PUBLIC        P1
  D:00A0H         PUBLIC        P2
  D:00B0H         PUBLIC        P3
  D:00E8H         PUBLIC        P4
  D:00A8H         PUBLIC        IE
  C:059DH         PUBLIC        _ConfigTimer0
  D:00B8H         PUBLIC        IP
  D:0098H         PUBLIC        SCON
  D:0089H         PUBLIC        TMOD
  D:0088H         PUBLIC        TCON
  B:00A8H.1       PUBLIC        ET0
  D:008CH         PUBLIC        TH0
  D:008AH         PUBLIC        TL0
  B:0088H.4       PUBLIC        TR0
  D:00C8H         PUBLIC        T2CON
  D:00D0H         PUBLIC        PSW
  -------         PROC          _CONFIGTIMER0
  D:0002H         SYMBOL        ms
  -------         DO            
  X:006AH         SYMBOL        tmp
  -------         ENDDO         
  C:059DH         LINE#         7
  C:05A1H         LINE#         8
BL51 BANKED LINKER/LOCATER V6.22                                                      03/24/2022  20:22:56  PAGE 8


  C:05A1H         LINE#         9
  C:05AAH         LINE#         11
  C:05B3H         LINE#         12
  C:05DAH         LINE#         13
  C:05FCH         LINE#         14
  C:0619H         LINE#         15
  C:062FH         LINE#         16
  C:0638H         LINE#         17
  C:063BH         LINE#         18
  C:063EH         LINE#         19
  C:0643H         LINE#         20
  C:0648H         LINE#         21
  C:064AH         LINE#         22
  C:064CH         LINE#         24
  -------         ENDPROC       _CONFIGTIMER0
  -------         ENDMOD        STC_INT

  -------         MODULE        STC_I2C
  C:0000H         SYMBOL        _ICE_DUMMY_
  D:0080H         PUBLIC        P0
  D:0090H         PUBLIC        P1
  B:00B0H.7       PUBLIC        I2C_SCL
  D:00A0H         PUBLIC        P2
  D:00B0H         PUBLIC        P3
  D:00E8H         PUBLIC        P4
  C:0D86H         PUBLIC        I2CReadACK
  D:00A8H         PUBLIC        IE
  C:0D53H         PUBLIC        I2CReadNAK
  D:00B8H         PUBLIC        IP
  D:0098H         PUBLIC        SCON
  D:0088H         PUBLIC        TCON
  C:0D1DH         PUBLIC        _I2CWrite
  C:0EF4H         PUBLIC        I2CStart
  C:0E81H         PUBLIC        I2CStop
  D:00C8H         PUBLIC        T2CON
  B:00B0H.6       PUBLIC        I2C_SDA
  D:00D0H         PUBLIC        PSW
  -------         PROC          I2CSTART
  C:0EF4H         LINE#         5
  C:0EF4H         LINE#         6
  C:0EF4H         LINE#         7
  C:0EF6H         LINE#         8
  C:0EF8H         LINE#         9
  C:0EFCH         LINE#         10
  C:0EFEH         LINE#         11
  C:0F02H         LINE#         12
  C:0F04H         LINE#         14
  -------         ENDPROC       I2CSTART
  -------         PROC          I2CSTOP
  C:0E81H         LINE#         16
  C:0E81H         LINE#         17
  C:0E81H         LINE#         18
  C:0E83H         LINE#         19
  C:0E85H         LINE#         20
  C:0E89H         LINE#         21
  C:0E8BH         LINE#         22
  C:0E8FH         LINE#         23
BL51 BANKED LINKER/LOCATER V6.22                                                      03/24/2022  20:22:56  PAGE 9


  C:0E91H         LINE#         24
  C:0E95H         LINE#         26
  -------         ENDPROC       I2CSTOP
  -------         PROC          _I2CWRITE
  D:0007H         SYMBOL        dat
  -------         DO            
  B:0020H.0       SYMBOL        ack
  D:0006H         SYMBOL        mask
  -------         ENDDO         
  C:0D1DH         LINE#         28
  C:0D1DH         LINE#         29
  C:0D1DH         LINE#         33
  C:0D22H         LINE#         34
  C:0D22H         LINE#         35
  C:0D25H         LINE#         36
  C:0D25H         LINE#         37
  C:0D27H         LINE#         38
  C:0D29H         LINE#         40
  C:0D29H         LINE#         41
  C:0D2BH         LINE#         42
  C:0D2BH         LINE#         43
  C:0D2FH         LINE#         44
  C:0D31H         LINE#         45
  C:0D35H         LINE#         46
  C:0D37H         LINE#         47
  C:0D3DH         LINE#         48
  C:0D3FH         LINE#         49
  C:0D43H         LINE#         50
  C:0D45H         LINE#         51
  C:0D49H         LINE#         52
  C:0D4DH         LINE#         53
  C:0D4FH         LINE#         55
  C:0D52H         LINE#         56
  -------         ENDPROC       _I2CWRITE
  -------         PROC          I2CREADNAK
  -------         DO            
  D:0006H         SYMBOL        mask
  D:0007H         SYMBOL        dat
  -------         ENDDO         
  C:0D53H         LINE#         58
  C:0D53H         LINE#         59
  C:0D53H         LINE#         63
  C:0D55H         LINE#         64
  C:0D5AH         LINE#         65
  C:0D5AH         LINE#         66
  C:0D5EH         LINE#         67
  C:0D60H         LINE#         68
  C:0D63H         LINE#         69
  C:0D63H         LINE#         70
  C:0D66H         LINE#         71
  C:0D68H         LINE#         73
  C:0D68H         LINE#         74
  C:0D6BH         LINE#         75
  C:0D6BH         LINE#         76
  C:0D6FH         LINE#         77
  C:0D71H         LINE#         78
  C:0D77H         LINE#         79
BL51 BANKED LINKER/LOCATER V6.22                                                      03/24/2022  20:22:56  PAGE 10


  C:0D79H         LINE#         80
  C:0D7DH         LINE#         81
  C:0D7FH         LINE#         82
  C:0D83H         LINE#         83
  C:0D85H         LINE#         85
  C:0D85H         LINE#         86
  -------         ENDPROC       I2CREADNAK
  -------         PROC          I2CREADACK
  -------         DO            
  D:0006H         SYMBOL        mask
  D:0007H         SYMBOL        dat
  -------         ENDDO         
  C:0D86H         LINE#         88
  C:0D86H         LINE#         89
  C:0D86H         LINE#         93
  C:0D88H         LINE#         94
  C:0D8DH         LINE#         95
  C:0D8DH         LINE#         96
  C:0D91H         LINE#         97
  C:0D93H         LINE#         98
  C:0D96H         LINE#         99
  C:0D96H         LINE#         100
  C:0D99H         LINE#         101
  C:0D9BH         LINE#         103
  C:0D9BH         LINE#         104
  C:0D9EH         LINE#         105
  C:0D9EH         LINE#         106
  C:0DA2H         LINE#         107
  C:0DA4H         LINE#         108
  C:0DAAH         LINE#         109
  C:0DACH         LINE#         110
  C:0DB0H         LINE#         111
  C:0DB2H         LINE#         112
  C:0DB6H         LINE#         113
  C:0DB8H         LINE#         115
  C:0DB8H         LINE#         116
  -------         ENDPROC       I2CREADACK
  -------         ENDMOD        STC_I2C

  -------         MODULE        STC_DELAY
  C:0000H         SYMBOL        _ICE_DUMMY_
  D:0080H         PUBLIC        P0
  D:0090H         PUBLIC        P1
  D:00A0H         PUBLIC        P2
  D:00B0H         PUBLIC        P3
  D:00E8H         PUBLIC        P4
  D:00A8H         PUBLIC        IE
  D:00B8H         PUBLIC        IP
  D:0098H         PUBLIC        SCON
  D:0088H         PUBLIC        TCON
  C:0BB1H         PUBLIC        _delay_01
  C:0E63H         PUBLIC        _delay_02
  D:00C8H         PUBLIC        T2CON
  D:00D0H         PUBLIC        PSW
  -------         PROC          _DELAY_01
  X:006CH         SYMBOL        i
  -------         DO            
BL51 BANKED LINKER/LOCATER V6.22                                                      03/24/2022  20:22:56  PAGE 11


  X:006EH         SYMBOL        cnt
  -------         ENDDO         
  C:0BB1H         LINE#         5
  C:0BB8H         LINE#         6
  C:0BB8H         LINE#         7
  C:0BBDH         LINE#         9
  C:0BCFH         LINE#         10
  C:0BCFH         LINE#         11
  C:0BF2H         LINE#         12
  C:0BF2H         LINE#         14
  -------         ENDPROC       _DELAY_01
  -------         PROC          _DELAY_02
  D:0006H         SYMBOL        num
  -------         DO            
  D:0004H         SYMBOL        i
  -------         ENDDO         
  C:0E63H         LINE#         16
  C:0E63H         LINE#         17
  C:0E63H         LINE#         19
  C:0E6DH         LINE#         20
  C:0E80H         LINE#         22
  -------         ENDPROC       _DELAY_02
  -------         ENDMOD        STC_DELAY

  -------         MODULE        STC_BUZZ
  C:0000H         SYMBOL        _ICE_DUMMY_
  D:0080H         PUBLIC        P0
  D:0090H         PUBLIC        P1
  D:00A0H         PUBLIC        P2
  D:00B0H         PUBLIC        P3
  D:00E8H         PUBLIC        P4
  D:00A8H         PUBLIC        IE
  D:00B8H         PUBLIC        IP
  C:0E96H         PUBLIC        NoteFrequ
  X:0004H         PUBLIC        T1RH
  X:0005H         PUBLIC        T1RL
  D:0098H         PUBLIC        SCON
  D:0088H         PUBLIC        TCON
  C:0DECH         PUBLIC        _OpenBuzz
  B:00A8H.3       PUBLIC        ET1
  D:008DH         PUBLIC        TH1
  D:008BH         PUBLIC        TL1
  C:0003H         PUBLIC        StopBuzz
  B:0088H.6       PUBLIC        TR1
  D:00C8H         PUBLIC        T2CON
  C:0DB9H         PUBLIC        Buzz_Warning
  D:00D0H         PUBLIC        PSW
  -------         PROC          _OPENBUZZ
  D:0006H         SYMBOL        frequ
  -------         DO            
  D:0004H         SYMBOL        reload
  -------         ENDDO         
  C:0DECH         LINE#         20
  C:0DECH         LINE#         21
  C:0DECH         LINE#         24
  C:0E09H         LINE#         25
  C:0E0CH         LINE#         26
BL51 BANKED LINKER/LOCATER V6.22                                                      03/24/2022  20:22:56  PAGE 12


  C:0E0FH         LINE#         27
  C:0E12H         LINE#         28
  C:0E15H         LINE#         29
  C:0E17H         LINE#         30
  C:0E19H         LINE#         32
  -------         ENDPROC       _OPENBUZZ
  -------         PROC          STOPBUZZ
  C:0003H         LINE#         35
  C:0003H         LINE#         36
  C:0003H         LINE#         37
  C:0005H         LINE#         38
  C:0007H         LINE#         39
  -------         ENDPROC       STOPBUZZ
  -------         PROC          BUZZ_WARNING
  C:0DB9H         LINE#         41
  C:0DB9H         LINE#         42
  C:0DB9H         LINE#         43
  C:0DC0H         LINE#         44
  C:0DC7H         LINE#         45
  C:0DCAH         LINE#         47
  C:0DD1H         LINE#         48
  C:0DD8H         LINE#         49
  C:0DDBH         LINE#         51
  C:0DE2H         LINE#         52
  C:0DE9H         LINE#         53
  -------         ENDPROC       BUZZ_WARNING
  -------         ENDMOD        STC_BUZZ

  -------         MODULE        STC_KEY
  C:0000H         SYMBOL        _ICE_DUMMY_
  D:0080H         PUBLIC        P0
  D:0090H         PUBLIC        P1
  D:00A0H         PUBLIC        P2
  D:00B0H         PUBLIC        P3
  D:00E8H         PUBLIC        P4
  D:00A8H         PUBLIC        IE
  D:00B8H         PUBLIC        IP
  C:076CH         PUBLIC        KeyDriver
  C:04C2H         PUBLIC        KeyScan
  D:0098H         PUBLIC        SCON
  D:0088H         PUBLIC        TCON
  C:0F05H         PUBLIC        KeyCodeMap
  X:0029H         PUBLIC        KeySta
  B:00A0H.3       PUBLIC        KEY_OUT_1
  B:00A0H.2       PUBLIC        KEY_OUT_2
  B:00A0H.1       PUBLIC        KEY_OUT_3
  B:00A0H.0       PUBLIC        KEY_OUT_4
  D:00C8H         PUBLIC        T2CON
  B:00A0H.4       PUBLIC        KEY_IN_1
  B:00A0H.5       PUBLIC        KEY_IN_2
  B:00A0H.6       PUBLIC        KEY_IN_3
  B:00A0H.7       PUBLIC        KEY_IN_4
  D:00D0H         PUBLIC        PSW
  -------         PROC          KEYDRIVER
  -------         DO            
  X:0006H         SYMBOL        i
  X:0007H         SYMBOL        j
BL51 BANKED LINKER/LOCATER V6.22                                                      03/24/2022  20:22:56  PAGE 13


  X:0008H         SYMBOL        backup
  -------         ENDDO         
  C:076CH         LINE#         25
  C:076CH         LINE#         26
  C:076CH         LINE#         32
  C:0770H         LINE#         33
  C:0770H         LINE#         34
  C:077CH         LINE#         35
  C:077CH         LINE#         36
  C:0799H         LINE#         37
  C:0799H         LINE#         38
  C:079CH         LINE#         39
  C:079CH         LINE#         40
  C:07BFH         LINE#         41
  C:07BFH         LINE#         42
  C:07DBH         LINE#         43
  C:07DBH         LINE#         44
  C:07E2H         LINE#         45
  C:07EDH         LINE#         46
  -------         ENDPROC       KEYDRIVER
  -------         PROC          KEYSCAN
  -------         DO            
  D:0007H         SYMBOL        i
  X:0018H         SYMBOL        keyout
  X:0019H         SYMBOL        keybuf
  -------         ENDDO         
  C:04C2H         LINE#         52
  C:04C2H         LINE#         53
  C:04C2H         LINE#         61
  C:04E1H         LINE#         62
  C:0500H         LINE#         63
  C:051FH         LINE#         64
  C:053EH         LINE#         66
  C:0540H         LINE#         67
  C:0540H         LINE#         68
  C:0552H         LINE#         69
  C:0552H         LINE#         70
  C:055DH         LINE#         71
  C:055FH         LINE#         72
  C:0562H         LINE#         73
  C:0562H         LINE#         74
  C:056EH         LINE#         75
  C:056EH         LINE#         76
  C:0573H         LINE#         78
  C:0578H         LINE#         79
  C:057CH         LINE#         80
  C:0589H         LINE#         81
  C:0589H         LINE#         82
  C:058EH         LINE#         83
  C:0593H         LINE#         84
  C:0598H         LINE#         85
  C:059CH         LINE#         86
  C:059CH         LINE#         87
  C:059CH         LINE#         88
  -------         ENDPROC       KEYSCAN
  -------         ENDMOD        STC_KEY

BL51 BANKED LINKER/LOCATER V6.22                                                      03/24/2022  20:22:56  PAGE 14


  -------         MODULE        STC_LCD1602
  C:0000H         SYMBOL        _ICE_DUMMY_
  D:0080H         PUBLIC        P0
  D:0090H         PUBLIC        P1
  D:00A0H         PUBLIC        P2
  D:00B0H         PUBLIC        P3
  D:00E8H         PUBLIC        P4
  D:00A8H         PUBLIC        IE
  D:00B8H         PUBLIC        IP
  B:0090H.0       PUBLIC        LCD1602_RS
  C:07EEH         PUBLIC        LcdWaitReady
  B:0090H.1       PUBLIC        LCD1602_RW
  D:0098H         PUBLIC        SCON
  D:0088H         PUBLIC        TCON
  C:0EBEH         PUBLIC        _LcdWriteCmd
  C:0ED0H         PUBLIC        _LcdWriteDat
  B:0090H.5       PUBLIC        LCD1602_E
  C:0EE2H         PUBLIC        _LcdSetCursor
  D:00C8H         PUBLIC        T2CON
  C:0CE6H         PUBLIC        _LcdShowStr
  C:0EAAH         PUBLIC        InitLcd1602
  D:00D0H         PUBLIC        PSW
  -------         PROC          LCDWAITREADY
  -------         DO            
  D:0007H         SYMBOL        sta
  -------         ENDDO         
  C:07EEH         LINE#         6
  C:07EEH         LINE#         7
  C:07EEH         LINE#         10
  C:07F1H         LINE#         11
  C:07F3H         LINE#         12
  C:07F5H         LINE#         14
  C:07F5H         LINE#         15
  C:07F7H         LINE#         16
  C:07F9H         LINE#         17
  C:07FBH         LINE#         18
  C:07FFH         LINE#         19
  -------         ENDPROC       LCDWAITREADY
  -------         PROC          _LCDWRITECMD
  D:0006H         SYMBOL        cmd
  C:0EBEH         LINE#         21
  C:0EC0H         LINE#         22
  C:0EC0H         LINE#         23
  C:0EC3H         LINE#         24
  C:0EC5H         LINE#         25
  C:0EC7H         LINE#         26
  C:0ECBH         LINE#         27
  C:0ECDH         LINE#         28
  C:0ECFH         LINE#         29
  -------         ENDPROC       _LCDWRITECMD
  -------         PROC          _LCDWRITEDAT
  D:0006H         SYMBOL        dat
  C:0ED0H         LINE#         31
  C:0ED2H         LINE#         32
  C:0ED2H         LINE#         33
  C:0ED5H         LINE#         34
  C:0ED7H         LINE#         35
BL51 BANKED LINKER/LOCATER V6.22                                                      03/24/2022  20:22:56  PAGE 15


  C:0ED9H         LINE#         36
  C:0EDDH         LINE#         37
  C:0EDFH         LINE#         38
  C:0EE1H         LINE#         39
  -------         ENDPROC       _LCDWRITEDAT
  -------         PROC          _LCDSETCURSOR
  D:0007H         SYMBOL        x
  D:0005H         SYMBOL        y
  -------         DO            
  D:0004H         SYMBOL        addr
  -------         ENDDO         
  C:0EE2H         LINE#         41
  C:0EE2H         LINE#         42
  C:0EE2H         LINE#         45
  C:0EE5H         LINE#         46
  C:0EE5H         LINE#         47
  C:0EE7H         LINE#         48
  C:0EE9H         LINE#         50
  C:0EE9H         LINE#         51
  C:0EEDH         LINE#         52
  C:0EEDH         LINE#         53
  -------         ENDPROC       _LCDSETCURSOR
  -------         PROC          _LCDSHOWSTR
  D:0007H         SYMBOL        x
  D:0005H         SYMBOL        y
  X:007DH         SYMBOL        str
  C:0CE6H         LINE#         56
  C:0CF0H         LINE#         57
  C:0CF0H         LINE#         58
  C:0CF3H         LINE#         59
  C:0D02H         LINE#         60
  C:0D02H         LINE#         61
  C:0D1AH         LINE#         62
  C:0D1CH         LINE#         64
  -------         ENDPROC       _LCDSHOWSTR
  -------         PROC          INITLCD1602
  C:0EAAH         LINE#         66
  C:0EAAH         LINE#         67
  C:0EAAH         LINE#         68
  C:0EAFH         LINE#         69
  C:0EB4H         LINE#         70
  C:0EB9H         LINE#         71
  -------         ENDPROC       INITLCD1602
  -------         ENDMOD        STC_LCD1602

  -------         MODULE        EEPROM
  C:0000H         SYMBOL        _ICE_DUMMY_
  D:0080H         PUBLIC        P0
  D:0090H         PUBLIC        P1
  D:00A0H         PUBLIC        P2
  D:00B0H         PUBLIC        P3
  D:00E8H         PUBLIC        P4
  C:0955H         PUBLIC        _E2Write
  D:00A8H         PUBLIC        IE
  D:00B8H         PUBLIC        IP
  D:0098H         PUBLIC        SCON
  D:0088H         PUBLIC        TCON
BL51 BANKED LINKER/LOCATER V6.22                                                      03/24/2022  20:22:56  PAGE 16


  D:00C8H         PUBLIC        T2CON
  C:08EFH         PUBLIC        _E2Read
  D:00D0H         PUBLIC        PSW
  -------         PROC          _E2READ
  X:007CH         SYMBOL        buf
  X:007FH         SYMBOL        addr
  X:0080H         SYMBOL        len
  C:08EFH         LINE#         8
  C:08FCH         LINE#         9
  C:08FCH         LINE#         11
  C:08FCH         LINE#         12
  C:08FFH         LINE#         13
  C:0906H         LINE#         14
  C:0906H         LINE#         15
  C:0906H         LINE#         16
  C:0906H         LINE#         17
  C:0909H         LINE#         18
  C:090BH         LINE#         19
  C:0912H         LINE#         20
  C:0915H         LINE#         21
  C:091AH         LINE#         22
  C:0922H         LINE#         23
  C:0922H         LINE#         24
  C:093AH         LINE#         25
  C:093FH         LINE#         26
  C:0941H         LINE#         27
  C:0952H         LINE#         28
  -------         ENDPROC       _E2READ
  -------         PROC          _E2WRITE
  X:007CH         SYMBOL        buf
  X:007FH         SYMBOL        addr
  X:0080H         SYMBOL        len
  C:0955H         LINE#         33
  C:0962H         LINE#         34
  C:0962H         LINE#         35
  C:096AH         LINE#         36
  C:096AH         LINE#         37
  C:096AH         LINE#         38
  C:096DH         LINE#         39
  C:0974H         LINE#         40
  C:0974H         LINE#         41
  C:0974H         LINE#         42
  C:0974H         LINE#         43
  C:0977H         LINE#         44
  C:0979H         LINE#         45
  C:0980H         LINE#         46
  C:0988H         LINE#         47
  C:0988H         LINE#         48
  C:09A0H         LINE#         49
  C:09A5H         LINE#         50
  C:09A9H         LINE#         51
  C:09AEH         LINE#         52
  C:09AEH         LINE#         53
  C:09AEH         LINE#         54
  C:09AEH         LINE#         56
  C:09B1H         LINE#         57
  C:09B3H         LINE#         58
BL51 BANKED LINKER/LOCATER V6.22                                                      03/24/2022  20:22:56  PAGE 17


  -------         ENDPROC       _E2WRITE
  -------         ENDMOD        EEPROM

  -------         MODULE        PASSWORD
  C:0000H         SYMBOL        _ICE_DUMMY_
  D:0080H         PUBLIC        P0
  D:0090H         PUBLIC        P1
  D:00A0H         PUBLIC        P2
  D:00B0H         PUBLIC        P3
  D:00E8H         PUBLIC        P4
  C:001EH         PUBLIC        Key_Enter
  C:0880H         PUBLIC        _KeyAction
  D:00A8H         PUBLIC        IE
  D:00B8H         PUBLIC        IP
  C:0B6EH         PUBLIC        _CmpMemory
  X:0039H         PUBLIC        Password_dat1
  C:000EH         PUBLIC        Key_Esc
  D:0098H         PUBLIC        SCON
  D:0088H         PUBLIC        TCON
  X:0049H         PUBLIC        Password_Read
  C:0A0DH         PUBLIC        Read_Password
  C:0E1AH         PUBLIC        _PSW_Check
  C:0C33H         PUBLIC        Show_PSWcnt
  C:0CACH         PUBLIC        Save_Password
  C:0C7EH         PUBLIC        _Fill_Number
  X:0059H         PUBLIC        cntBuf
  D:00C8H         PUBLIC        T2CON
  C:0BF3H         PUBLIC        _Copy_Number
  X:005AH         PUBLIC        PasswordBuf
  C:09B4H         PUBLIC        _Key_Number
  D:00D0H         PUBLIC        PSW
  -------         PROC          _KEY_NUMBER
  X:006BH         SYMBOL        keycode
  C:09B4H         LINE#         13
  C:09B8H         LINE#         14
  C:09B8H         LINE#         15
  C:09C4H         LINE#         16
  C:09C4H         LINE#         17
  C:09C4H         LINE#         18
  C:09C4H         LINE#         19
  C:09C4H         LINE#         20
  C:09C4H         LINE#         21
  C:09C4H         LINE#         22
  C:09C7H         LINE#         23
  C:09CFH         LINE#         24
  C:09CFH         LINE#         25
  C:09DFH         LINE#         26
  C:09E2H         LINE#         27
  C:09E2H         LINE#         29
  C:09E2H         LINE#         30
  C:09E5H         LINE#         31
  C:09F1H         LINE#         32
  C:09FEH         LINE#         33
  C:0A05H         LINE#         34
  C:0A08H         LINE#         35
  C:0A0CH         LINE#         36
  C:0A0CH         LINE#         37
BL51 BANKED LINKER/LOCATER V6.22                                                      03/24/2022  20:22:56  PAGE 18


  C:0A0CH         LINE#         38
  C:0A0CH         LINE#         39
  -------         ENDPROC       _KEY_NUMBER
  -------         PROC          KEY_ENTER
  C:001EH         LINE#         42
  C:001EH         LINE#         43
  C:001EH         LINE#         45
  C:003BH         LINE#         46
  C:003BH         LINE#         47
  C:003BH         LINE#         48
  C:0057H         LINE#         49
  C:0057H         LINE#         50
  C:0063H         LINE#         51
  C:0070H         LINE#         52
  C:0077H         LINE#         53
  C:007CH         LINE#         54
  C:0081H         LINE#         55
  C:0083H         LINE#         57
  C:0083H         LINE#         58
  C:008FH         LINE#         59
  C:009CH         LINE#         60
  C:00A3H         LINE#         61
  C:00A8H         LINE#         62
  C:00ADH         LINE#         63
  C:00B3H         LINE#         64
  C:00B3H         LINE#         65
  C:00B8H         LINE#         66
  C:00BCH         LINE#         67
  C:00BCH         LINE#         68
  C:00BCH         LINE#         69
  C:00C0H         LINE#         70
  C:00C3H         LINE#         71
  C:00C3H         LINE#         72
  C:00C5H         LINE#         75
  C:00C5H         LINE#         76
  C:00CCH         LINE#         77
  C:00E6H         LINE#         78
  C:00E9H         LINE#         79
  C:00EEH         LINE#         80
  C:00FAH         LINE#         81
  C:0107H         LINE#         82
  C:010BH         LINE#         83
  C:010CH         LINE#         86
  C:010CH         LINE#         87
  C:0128H         LINE#         88
  C:0128H         LINE#         89
  C:012BH         LINE#         90
  C:012EH         LINE#         91
  C:013AH         LINE#         92
  C:0147H         LINE#         93
  C:014BH         LINE#         94
  C:014DH         LINE#         96
  C:014DH         LINE#         97
  C:0159H         LINE#         98
  C:0166H         LINE#         99
  C:016BH         LINE#         100
  C:016BH         LINE#         101
BL51 BANKED LINKER/LOCATER V6.22                                                      03/24/2022  20:22:56  PAGE 19


  C:016FH         LINE#         102
  C:0176H         LINE#         103
  C:017BH         LINE#         104
  C:017EH         LINE#         105
  C:0187H         LINE#         106
  C:0197H         LINE#         107
  C:0197H         LINE#         110
  C:0197H         LINE#         111
  C:01A3H         LINE#         112
  C:01B0H         LINE#         113
  C:01B7H         LINE#         114
  C:01BCH         LINE#         115
  C:01BFH         LINE#         116
  C:01C3H         LINE#         117
  C:01C7H         LINE#         118
  C:01CAH         LINE#         119
  C:01CAH         LINE#         122
  C:01CAH         LINE#         123
  C:01D6H         LINE#         124
  C:01E3H         LINE#         125
  C:01E6H         LINE#         126
  C:01EBH         LINE#         127
  C:01F7H         LINE#         128
  C:0204H         LINE#         129
  C:0209H         LINE#         131
  C:0209H         LINE#         132
  C:0209H         LINE#         135
  -------         ENDPROC       KEY_ENTER
  -------         PROC          KEY_ESC
  C:000EH         LINE#         138
  C:000EH         LINE#         139
  C:000EH         LINE#         141
  C:0011H         LINE#         142
  C:0014H         LINE#         143
  C:0018H         LINE#         145
  -------         ENDPROC       KEY_ESC
  -------         PROC          SHOW_PSWCNT
  -------         DO            
  X:006CH         SYMBOL        PSWcntbuf
  -------         ENDDO         
  C:0C33H         LINE#         148
  C:0C33H         LINE#         149
  C:0C33H         LINE#         152
  C:0C4DH         LINE#         153
  C:0C64H         LINE#         154
  -------         ENDPROC       SHOW_PSWCNT
  -------         PROC          _COPY_NUMBER
  X:007DH         SYMBOL        out
  X:0080H         SYMBOL        in
  X:0083H         SYMBOL        len
  C:0BF3H         LINE#         159
  C:0BFDH         LINE#         160
  C:0BFDH         LINE#         161
  C:0C06H         LINE#         162
  C:0C06H         LINE#         163
  C:0C30H         LINE#         164
  C:0C32H         LINE#         165
BL51 BANKED LINKER/LOCATER V6.22                                                      03/24/2022  20:22:56  PAGE 20


  -------         ENDPROC       _COPY_NUMBER
  C:0C71H         SYMBOL        L?0047
  C:0C75H         SYMBOL        L?0048
  C:0C77H         SYMBOL        L?0049
  -------         PROC          L?0046
  -------         ENDPROC       L?0046
  C:0C71H         SYMBOL        L?0047
  C:0C75H         SYMBOL        L?0048
  C:0C77H         SYMBOL        L?0049
  -------         PROC          _FILL_NUMBER
  X:007DH         SYMBOL        dat
  D:0005H         SYMBOL        byt
  X:0081H         SYMBOL        len
  C:0C7EH         LINE#         167
  C:0C88H         LINE#         168
  C:0C88H         LINE#         169
  C:0C91H         LINE#         170
  C:0C91H         LINE#         171
  C:0CA9H         LINE#         172
  C:0CABH         LINE#         173
  -------         ENDPROC       _FILL_NUMBER
  -------         PROC          _PSW_CHECK
  X:007CH         SYMBOL        dat
  D:0005H         SYMBOL        len
  -------         DO            
  D:0007H         SYMBOL        sum
  -------         ENDDO         
  C:0E1AH         LINE#         176
  C:0E24H         LINE#         177
  C:0E24H         LINE#         178
  C:0E26H         LINE#         180
  C:0E2CH         LINE#         181
  C:0E2CH         LINE#         182
  C:0E42H         LINE#         183
  C:0E44H         LINE#         184
  C:0E44H         LINE#         185
  -------         ENDPROC       _PSW_CHECK
  -------         PROC          READ_PASSWORD
  -------         DO            
  X:006BH         SYMBOL        savebuf2
  D:0007H         SYMBOL        sum
  -------         ENDDO         
  C:0A0DH         LINE#         188
  C:0A0DH         LINE#         189
  C:0A0DH         LINE#         193
  C:0A1DH         LINE#         194
  C:0A28H         LINE#         195
  C:0A31H         LINE#         196
  C:0A31H         LINE#         197
  C:0A4BH         LINE#         198
  C:0A4DH         LINE#         199
  C:0A4DH         LINE#         201
  C:0A4DH         LINE#         202
  C:0A56H         LINE#         203
  C:0A57H         LINE#         204
  C:0A57H         LINE#         205
  -------         ENDPROC       READ_PASSWORD
BL51 BANKED LINKER/LOCATER V6.22                                                      03/24/2022  20:22:56  PAGE 21


  -------         PROC          SAVE_PASSWORD
  -------         DO            
  X:006BH         SYMBOL        savebuf1
  -------         ENDDO         
  C:0CACH         LINE#         209
  C:0CACH         LINE#         210
  C:0CACH         LINE#         213
  C:0CC6H         LINE#         214
  C:0CD6H         LINE#         215
  -------         ENDPROC       SAVE_PASSWORD
  -------         PROC          _CMPMEMORY
  X:006BH         SYMBOL        ptr1
  X:006EH         SYMBOL        ptr2
  X:0071H         SYMBOL        len
  C:0B6EH         LINE#         221
  C:0B78H         LINE#         222
  C:0B78H         LINE#         223
  C:0B81H         LINE#         224
  C:0B81H         LINE#         225
  C:0BADH         LINE#         226
  C:0BADH         LINE#         227
  C:0BAFH         LINE#         228
  C:0BAFH         LINE#         229
  C:0BAFH         LINE#         230
  C:0BB0H         LINE#         231
  -------         ENDPROC       _CMPMEMORY
  -------         PROC          _KEYACTION
  X:006AH         SYMBOL        keycode
  C:0880H         LINE#         257
  C:0884H         LINE#         258
  C:0884H         LINE#         259
  C:0890H         LINE#         260
  C:0890H         LINE#         261
  C:08A9H         LINE#         262
  C:08B0H         LINE#         263
  C:08B3H         LINE#         265
  C:08BAH         LINE#         266
  C:08BAH         LINE#         268
  C:08C0H         LINE#         269
  C:08C0H         LINE#         270
  C:08C7H         LINE#         271
  C:08CEH         LINE#         272
  C:08D1H         LINE#         274
  C:08D4H         LINE#         275
  C:08D4H         LINE#         276
  C:08DAH         LINE#         277
  C:08DAH         LINE#         278
  C:08E1H         LINE#         279
  C:08E8H         LINE#         280
  C:08EBH         LINE#         282
  C:08EEH         LINE#         283
  C:08EEH         LINE#         284
  -------         ENDPROC       _KEYACTION
  -------         ENDMOD        PASSWORD

  -------         MODULE        ?C?CLDPTR
  C:020AH         PUBLIC        ?C?CLDPTR
BL51 BANKED LINKER/LOCATER V6.22                                                      03/24/2022  20:22:56  PAGE 22


  -------         ENDMOD        ?C?CLDPTR

  -------         MODULE        ?C?CSTPTR
  C:0223H         PUBLIC        ?C?CSTPTR
  -------         ENDMOD        ?C?CSTPTR

  -------         MODULE        ?C?LMUL
  C:0235H         PUBLIC        ?C?LMUL
  -------         ENDMOD        ?C?LMUL

  -------         MODULE        ?C?ULDIV
  C:02C0H         PUBLIC        ?C?ULDIV
  -------         ENDMOD        ?C?ULDIV

  -------         MODULE        ?C?SLDIV
  C:0B2AH         PUBLIC        ?C?SLDIV
  -------         ENDMOD        ?C?SLDIV

  -------         MODULE        ?C?SLCMP
  C:0352H         PUBLIC        ?C?SLCMP
  -------         ENDMOD        ?C?SLCMP

  -------         MODULE        ?C?ULSHR
  C:0368H         PUBLIC        ?C?ULSHR
  -------         ENDMOD        ?C?ULSHR

  -------         MODULE        ?C?LSTPDATA
  C:037BH         PUBLIC        ?C?LSTPDATA
  -------         ENDMOD        ?C?LSTPDATA

  -------         MODULE        ?C?LSTKPDATA
  C:0387H         PUBLIC        ?C?LSTKPDATA
  -------         ENDMOD        ?C?LSTKPDATA

Program Size: data=9.1 xdata=132 code=3856
LINK/LOCATE RUN COMPLETE.  0 WARNING(S),  0 ERROR(S)
