C51 COMPILER V9.60.0.0   INIT                                                              03/30/2023 21:50:46 PAGE 1   


C51 COMPILER V9.60.0.0, COMPILATION OF MODULE INIT
OBJECT MODULE PLACED IN .\Objects\init.obj
COMPILER INVOKED BY: E:\keil5\keil5\C51\BIN\C51.EXE ..\Config\init.c OPTIMIZE(8,SPEED) BROWSE INCDIR(..\Driver;..\Config
                    -;..\System;..\User) DEBUG OBJECTEXTEND PRINT(.\Listings\init.lst) OBJECT(.\Objects\init.obj)

line level    source

   1          #include <init.h>
   2          
   3          
   4          
   5          
   6          
   7          
   8          
   9          
  10          void HC138Y(unsigned char Y)
  11          {
  12   1              P2 &= 0x1F;
  13   1              P2 |= (Y & 0x07) << 5;
  14   1      }
  15          
  16          
  17          void LedBuzzInit()
  18          {
  19   1              HC138Y(5);
  20   1              P0 &= 0xAF;
  21   1              HC138Y(4);
  22   1              P0 = 0xFF;
  23   1              HC138Y(0);
  24   1      }
  25          
  26          void Timer0Init(void)           //1毫秒@12.000MHz
  27          {
  28   1              AUXR |= 0x80;           //定时器时钟1T模式
  29   1              TMOD &= 0xF0;           //设置定时器模式
  30   1              TL0 = 0x20;             //设置定时初始值
  31   1              TH0 = 0xD1;             //设置定时初始值
  32   1              TF0 = 0;                //清除TF0标志
  33   1              TR0 = 1;                //定时器0开始计时
  34   1              ET0 = 1;
  35   1              EA = 1;
  36   1      }
  37          
  38          
  39          
  40          
  41          
  42          
  43          
  44          
  45          
  46          


MODULE INFORMATION:   STATIC OVERLAYABLE
   CODE SIZE        =     55    ----
   CONSTANT SIZE    =   ----    ----
   XDATA SIZE       =   ----    ----
   PDATA SIZE       =   ----    ----
   DATA SIZE        =   ----    ----
C51 COMPILER V9.60.0.0   INIT                                                              03/30/2023 21:50:46 PAGE 2   

   IDATA SIZE       =   ----    ----
   BIT SIZE         =   ----    ----
END OF MODULE INFORMATION.


C51 COMPILATION COMPLETE.  0 WARNING(S),  0 ERROR(S)
