C51 COMPILER V9.56.0.0   DS18B20                                                           04/15/2022 17:23:16 PAGE 1   


C51 COMPILER V9.56.0.0, COMPILATION OF MODULE DS18B20
OBJECT MODULE PLACED IN .\Objects\DS18B20.obj
COMPILER INVOKED BY: E:\keil5\keil5\C51\BIN\C51.EXE ..\Driver\DS18B20.c OPTIMIZE(8,SPEED) BROWSE INCDIR(..\Driver;..\Inc
                    -lude;..\System;..\User) DEBUG OBJECTEXTEND PRINT(.\Listings\DS18B20.lst) OBJECT(.\Objects\DS18B20.obj)

line level    source

   1          #include <DS18B20.h>
   2          
   3          
   4                  int temp;
   5                  unsigned char LSB,MSB;
   6          
   7          
   8          bit Get18B20Ack()
   9          {
  10   1              bit ack;
  11   1              
  12   1        EA = 0;
  13   1              DQ = 0;
  14   1              Delay_OneWire(40);
  15   1              DQ = 1;
  16   1              Delay_OneWire(5);
  17   1              ack = DQ;
  18   1              while(!DQ);
  19   1        EA = 1;
  20   1              
  21   1              return ack;     
  22   1      }
  23          
  24          
  25          bit Start18B20()
  26          {
  27   1        bit ack;
  28   1              
  29   1              ack = Get18B20Ack();
  30   1              if(ack == 0)
  31   1              {
  32   2                      Write_DS18B20(0xCC);
  33   2                      Write_DS18B20(0x44);
  34   2              }
  35   1              return ~ack;
  36   1      }
  37          
  38          bit Get18B20Temp()
  39          {
  40   1              bit ack;
  41   1              
  42   1              ack = Get18B20Ack();
  43   1              if(ack == 0)
  44   1              {
  45   2                      Write_DS18B20(0xCC);
  46   2                      EA = 0;
  47   2                      Write_DS18B20(0xBE);
  48   2                      EA = 1;
  49   2                      LSB = Read_DS18B20();
  50   2                      MSB = Read_DS18B20();           
  51   2                      temp = ((int)MSB << 8)+LSB;
  52   2              }
  53   1              return ~ack;
  54   1      }
C51 COMPILER V9.56.0.0   DS18B20                                                           04/15/2022 17:23:16 PAGE 2   

  55          
  56          void DS18B20_Read()
  57          {
  58   1        bit res;
  59   1              
  60   1              res = Get18B20Temp();
  61   1        if(res)
  62   1              {
  63   2                      temp >>= 4;
  64   2                      temp = temp*10;
  65   2                      temp = temp + (LSB & 0x0F)* 0.625;      
  66   2              }
  67   1              Start18B20();
  68   1      }
  69          
  70          
  71          
  72          
  73          
  74          
  75          


MODULE INFORMATION:   STATIC OVERLAYABLE
   CODE SIZE        =    197    ----
   CONSTANT SIZE    =   ----    ----
   XDATA SIZE       =   ----    ----
   PDATA SIZE       =   ----    ----
   DATA SIZE        =      4    ----
   IDATA SIZE       =   ----    ----
   BIT SIZE         =   ----       4
END OF MODULE INFORMATION.


C51 COMPILATION COMPLETE.  0 WARNING(S),  0 ERROR(S)
