C51 COMPILER V9.60.0.0   KEY                                                               03/20/2023 20:56:58 PAGE 1   


C51 COMPILER V9.60.0.0, COMPILATION OF MODULE KEY
OBJECT MODULE PLACED IN .\Objects\key.obj
COMPILER INVOKED BY: E:\keil5\keil5\C51\BIN\C51.EXE ..\Driver\key.c OPTIMIZE(8,SPEED) BROWSE INCDIR(..\User;..\System;..
                    -\Driver;..\Config) DEBUG OBJECTEXTEND PRINT(.\Listings\key.lst) OBJECT(.\Objects\key.obj)

line level    source

   1          #include "key.h"
   2          
   3          
   4          
   5          unsigned char code Key_Map[4] = {'7','6','5','4'};
   6          
   7          unsigned char Key_Sta[4] = {1,1,1,1};
   8          
   9          
  10          
  11          bit DAC_Mode = 0;
  12          bit Show_Mode = 0;
  13          bit Smg_Open = 1;
  14          bit Led_Open = 1;
  15          
  16          void KeyAction0(unsigned char keycode)
  17          {
  18   1              if(keycode == '4')
  19   1              {
  20   2                      if(Show_Mode == 0)
  21   2                      {
  22   3                              Show_Mode = 1;
  23   3                      }
  24   2                      else
  25   2                      {
  26   3                              Show_Mode = 0;
  27   3                      }
  28   2              }
  29   1              else if(keycode == '5')
  30   1              {
  31   2                      if(DAC_Mode == 0)
  32   2                      {
  33   3                              DAC_Mode = 1;
  34   3                      }
  35   2                      else
  36   2                      {
  37   3                              DAC_Mode = 0;
  38   3                      }       
  39   2              }
  40   1              else if(keycode == '6')
  41   1              {
  42   2                      if(Led_Open == 0)
  43   2                      {
  44   3                              Led_Open = 1;
  45   3                      }
  46   2                      else
  47   2                      {
  48   3                              Led_Open = 0;
  49   3                      }               
  50   2              }
  51   1              else if(keycode == '7')
  52   1              {
  53   2                      if(Smg_Open == 0)
  54   2                      {
C51 COMPILER V9.60.0.0   KEY                                                               03/20/2023 20:56:58 PAGE 2   

  55   3                              Smg_Open = 1;
  56   3                      }
  57   2                      else
  58   2                      {
  59   3                              Smg_Open = 0;
  60   3                      }       
  61   2              }       
  62   1      }
  63          
  64          
  65          void KeyDriver()
  66          {
  67   1              unsigned char i = 0;
  68   1              static unsigned char Key_Backup[4] = {1,1,1,1};
  69   1              
  70   1              for(i=0;i<4;i++)
  71   1              {
  72   2                      if(Key_Backup[i] != Key_Sta[i])
  73   2                      {
  74   3                              if(Key_Backup[i] == 1)
  75   3                              {
  76   4                                      KeyAction0(Key_Map[i]);
  77   4                              }
  78   3                              
  79   3                              Key_Backup[i] = Key_Sta[i];
  80   3                      }
  81   2              }
  82   1      }
  83          
  84          
  85          void KeyScan()
  86          {
  87   1              unsigned char i = 0;
  88   1              static unsigned char Key_Out = 0;
  89   1              static unsigned char Key_Buf[4] = {0xFF,0xFF,0xFF,0xFF};
  90   1              
  91   1              switch(Key_Out)
  92   1              {
  93   2                      case 0: Key_Buf[0] = (Key_Buf[0] << 1) | KEY_OUT_0; break;
  94   2                      case 1: Key_Buf[1] = (Key_Buf[1] << 1) | KEY_OUT_1; break;
  95   2                      case 2: Key_Buf[2] = (Key_Buf[2] << 1) | KEY_OUT_2; break;
  96   2                      case 3: Key_Buf[3] = (Key_Buf[3] << 1) | KEY_OUT_3; break;
  97   2                      default: break;
  98   2              }
  99   1              
 100   1              for(i=0;i<4;i++)
 101   1              {
 102   2                      if((Key_Buf[i]&0x0F) == 0x00)
 103   2                      {
 104   3                              Key_Sta[i] = 0;
 105   3                      }
 106   2                      else if((Key_Buf[i]&0x0F) == 0x0F)
 107   2                      {
 108   3                              Key_Sta[i] = 1;
 109   3                      }
 110   2              }
 111   1              
 112   1              Key_Out++;
 113   1              if(Key_Out > 3)
 114   1              {
 115   2                      Key_Out = 0;
 116   2              }
C51 COMPILER V9.60.0.0   KEY                                                               03/20/2023 20:56:58 PAGE 3   

 117   1      }
 118          
 119          
 120          
 121          
 122          
 123          
 124          
 125          
 126          
 127          
 128          
 129          
 130          
 131          


MODULE INFORMATION:   STATIC OVERLAYABLE
   CODE SIZE        =    238    ----
   CONSTANT SIZE    =      4    ----
   XDATA SIZE       =   ----    ----
   PDATA SIZE       =   ----    ----
   DATA SIZE        =     13    ----
   IDATA SIZE       =   ----    ----
   BIT SIZE         =      4    ----
END OF MODULE INFORMATION.


C51 COMPILATION COMPLETE.  0 WARNING(S),  0 ERROR(S)
