C51 COMPILER V9.60.0.0   UART                                                              06/07/2023 19:19:33 PAGE 1   


C51 COMPILER V9.60.0.0, COMPILATION OF MODULE UART
OBJECT MODULE PLACED IN .\Objects\uart.obj
COMPILER INVOKED BY: E:\keil5\keil5\C51\BIN\C51.EXE System\uart.c OPTIMIZE(8,SPEED) BROWSE INCDIR(.\User;.\Driver;.\Syst
                    -em;.\Config) DEBUG OBJECTEXTEND PRINT(.\Listings\uart.lst) OBJECT(.\Objects\uart.obj)

line level    source

   1          #include "uart.h"
   2          
   3          
   4          unsigned char Uart_StringBuf[10];
   5          
   6          unsigned char Send_StringBuf[15];
   7          
   8          unsigned char Uart_ReadCnt = 0;
   9          
  10          bit flag_ReadEnd = 0;
  11          
  12          
  13          
  14          void UartInit()         //4800bps@12.000MHz
  15          {
  16   1              SCON = 0x50;            //8位数据,可变波特率
  17   1              AUXR |= 0x40;           //定时器时钟1T模式
  18   1              AUXR &= 0xFE;           //串口1选择定时器1为波特率发生器
  19   1              TMOD &= 0x0F;           //设置定时器模式
  20   1              TL1 = 0x8F;             //设置定时初始值
  21   1              TH1 = 0xFD;             //设置定时初始值
  22   1              ET1 = 0;                //禁止定时器%d中断
  23   1              TR1 = 1;                //定时器1开始计时
  24   1              
  25   1              ES = 1;
  26   1              EA = 1;
  27   1      }
  28          
  29          
  30          void Uart1Int() interrupt 4
  31          {
  32   1              if(RI == 1)
  33   1              {
  34   2                      RI = 0;
  35   2                      if(Uart_ReadCnt < 10)
  36   2                      {
  37   3                              Uart_StringBuf[Uart_ReadCnt++] = SBUF;
  38   3                      }
  39   2              }       
  40   1              if(TI == 1)
  41   1              {
  42   2                      TI = 0;
  43   2              }
  44   1      }
  45          
  46          void UartDriver()
  47          {
  48   1              float Data_Buf = 0;
  49   1              unsigned int Int_Buf = 0;
  50   1              
  51   1              if(flag_ReadEnd == 1)
  52   1              {
  53   2                      if(Uart_StringBuf[0] == 'S')
  54   2                      {                       
C51 COMPILER V9.60.0.0   UART                                                              06/07/2023 19:19:33 PAGE 2   

  55   3                              if(StringCmp(Uart_StringBuf,"ST\r\n") == 1)
  56   3                              {
  57   4                                      Data_Buf = Temp_Data;
  58   4                                      Data_Buf /= 100;
  59   4                                      sprintf(Send_StringBuf,"$%2d,%2.2f\r\n",Sonic_Distence,Data_Buf);
  60   4                                      UartSendString(Send_StringBuf);
  61   4                              }
  62   3                              else
  63   3                              {
  64   4                                      UartSendString("ERROR\r\n");
  65   4                              }
  66   3                      }
  67   2                      else if(Uart_StringBuf[0] == 'P')
  68   2                      {
  69   3                              if(StringCmp(Uart_StringBuf,"PARA\r\n") == 1)
  70   3                              {
  71   4                                      Int_Buf = ParmData_Distence;
  72   4                                      sprintf(Send_StringBuf,"$%2d,%2d\r\n",Int_Buf,ParmData_Temp/100);
  73   4                                      UartSendString(Send_StringBuf);
  74   4                              }
  75   3                              else
  76   3                              {
  77   4                                      UartSendString("ERROR\r\n");
  78   4                              }               
  79   3                      }
  80   2                      else
  81   2                      {
  82   3                              UartSendString("ERROR\r\n");
  83   3                      }
  84   2                      StringClear(Uart_StringBuf,10);
  85   2                      flag_ReadEnd = 0;
  86   2                      Uart_ReadCnt = 0;
  87   2              }
  88   1      }
  89          
  90          void UartReadTimerMonitor(unsigned char ms)
  91          {
  92   1              static unsigned char ReadCnt_Buf = 0;
  93   1              static unsigned char ReadTimer = 0;
  94   1              
  95   1              if(Uart_ReadCnt > 0)
  96   1              {
  97   2                      if(ReadCnt_Buf != Uart_ReadCnt)
  98   2                      {
  99   3                              ReadCnt_Buf = Uart_ReadCnt;
 100   3                              ReadTimer = 0;
 101   3                      }
 102   2                      else
 103   2                      {
 104   3                              if(ReadTimer < 30)
 105   3                              {
 106   4                                      ReadTimer += ms;
 107   4                                      if(ReadTimer >= 30)
 108   4                                      {
 109   5                                              ReadTimer = 0;
 110   5                                              flag_ReadEnd = 1;
 111   5                                      }
 112   4                              }
 113   3                      }
 114   2              }
 115   1              else
 116   1              {
C51 COMPILER V9.60.0.0   UART                                                              06/07/2023 19:19:33 PAGE 3   

 117   2                      ReadCnt_Buf = 0;
 118   2              }
 119   1              
 120   1      }
 121          
 122          
 123          void UartSendByte(unsigned char dat)
 124          {
 125   1              SBUF = dat;
 126   1              while(TI == 0);
 127   1              TI = 0;
 128   1      }
 129          
 130          void UartSendString(unsigned char *str)
 131          {
 132   1              while(*str != '\0')
 133   1              {
 134   2                      UartSendByte(*str++);
 135   2              }
 136   1      }
 137          
 138          
 139          bit StringCmp(unsigned char *str1,unsigned char *str2)
 140          {
 141   1              while((*str1 != '\0') && (*str2 != '\0'))
 142   1              {
 143   2                      if(*str1 != *str2)
 144   2                      {
 145   3                              return 0;
 146   3                      }
 147   2                      str1++;
 148   2                      str2++;
 149   2              }
 150   1              if((*str1 == '\0') && (*str2 == '\0'))
 151   1              {
 152   2                      return 1;
 153   2              }
 154   1              else
 155   1              {
 156   2                      return 0;
 157   2              }
 158   1              
 159   1      }
 160          
 161          
 162          void StringClear(unsigned char *str,unsigned char len)
 163          {
 164   1              while(len--)
 165   1              {
 166   2                      *str = '\0';
 167   2                      str++;
 168   2              }       
 169   1      }
 170          
 171          
 172          
 173          
 174          
 175          
 176          


C51 COMPILER V9.60.0.0   UART                                                              06/07/2023 19:19:33 PAGE 4   

MODULE INFORMATION:   STATIC OVERLAYABLE
   CODE SIZE        =    502    ----
   CONSTANT SIZE    =     44    ----
   XDATA SIZE       =   ----    ----
   PDATA SIZE       =   ----    ----
   DATA SIZE        =     28      15
   IDATA SIZE       =   ----    ----
   BIT SIZE         =      1    ----
END OF MODULE INFORMATION.


C51 COMPILATION COMPLETE.  0 WARNING(S),  0 ERROR(S)
