C51 COMPILER V9.60.0.0   KEY                                                               05/31/2023 18:42:32 PAGE 1   


C51 COMPILER V9.60.0.0, COMPILATION OF MODULE KEY
OBJECT MODULE PLACED IN .\Objects\key.obj
COMPILER INVOKED BY: E:\keil5\keil5\C51\BIN\C51.EXE Driver\key.c OPTIMIZE(8,SPEED) BROWSE INCDIR(.\User;.\Driver;.\Syste
                    -m;.\Config) DEBUG OBJECTEXTEND PRINT(.\Listings\key.lst) OBJECT(.\Objects\key.obj)

line level    source

   1          
   2          #include "key.h"
   3          
   4          
   5          
   6          
   7          unsigned char Key_Map[4] = {'7','6','5','4'};
   8          
   9          
  10          unsigned char Key_Sta[4] = {1,1,1,1};
  11          
  12          
  13          unsigned char Menu_Mode = 0;
  14          unsigned char Menu_Parm = 0;
  15          
  16          unsigned int Parm_Freq = 9000;
  17          unsigned int Parm_Freq_Buf = 9000;
  18          
  19          unsigned char Parm_RH = 40;
  20          unsigned char Parm_RH_Buf = 40;
  21          
  22          unsigned char Parm_Distence = 60;
  23          unsigned char Parm_Distence_Buf = 60;
  24          
  25          bit freq_mode = 0;
  26          bit distence_mode = 0;
  27          
  28          bit flag_S7_LongSet = 0;
  29          
  30          void KeyAction0(unsigned char keycode)
  31          {
  32   1              if(keycode == '4')
  33   1              {
  34   2                      MenuSelectModeS4();
  35   2              }
  36   1              else if(keycode == '5')
  37   1              {
  38   2                      ParmSelectModeS5();
  39   2              }
  40   1              else if(keycode == '6')
  41   1              {
  42   2                      ParmDataIncS6();
  43   2              }
  44   1              else if(keycode == '7')
  45   1              {
  46   2                      ParmDataDecS7();
  47   2                      if(Menu_Mode == 1)
  48   2                      {
  49   3                              flag_S7_LongSet = 1;
  50   3                      }
  51   2              }
  52   1      }
  53          
  54          void KeyAction1(unsigned char keycode)
C51 COMPILER V9.60.0.0   KEY                                                               05/31/2023 18:42:32 PAGE 2   

  55          {
  56   1              if(keycode == '7')
  57   1              {
  58   2                      if(flag_S7_LongSet == 1)
  59   2                      {
  60   3                              flag_S7_LongSet = 0;
  61   3                              if(flag_Clear_RelayCnt == 1)
  62   3                              {
  63   4                                      flag_Clear_RelayCnt = 0;
  64   4                                      Relay_Cnt = 0;
  65   4                                      DataWriteEEPROM(0x00,Relay_Cnt);
  66   4                              }
  67   3                      }
  68   2              }
  69   1      }
  70          
  71          void ParmDataDecS7()
  72          {
  73   1              if(Menu_Mode == 3)
  74   1              {
  75   2                      if(Menu_Parm == 0)
  76   2                      {
  77   3                              Parm_Freq_Buf -= 500;
  78   3                              if(Parm_Freq_Buf < 1000)
  79   3                              {
  80   4                                      Parm_Freq_Buf = 12000;
  81   4                              }
  82   3                      }
  83   2                      else if(Menu_Parm == 1)
  84   2                      {
  85   3                              Parm_RH_Buf -= 10;
  86   3                              if(Parm_RH_Buf < 10)
  87   3                              {
  88   4                                      Parm_RH_Buf = 60;
  89   4                              }               
  90   3                      }
  91   2                      else if(Menu_Parm == 2)
  92   2                      {
  93   3                              Parm_Distence_Buf -= 10;
  94   3                              if(Parm_Distence_Buf < 10)
  95   3                              {
  96   4                                      Parm_Distence_Buf = 120;
  97   4                              }
  98   3                      }
  99   2              }
 100   1              else if(Menu_Mode == 0)
 101   1              {
 102   2                      freq_mode = ~freq_mode;
 103   2              }
 104   1      }
 105          
 106          void ParmDataIncS6()
 107          {
 108   1              if(Menu_Mode == 3)
 109   1              {
 110   2                      if(Menu_Parm == 0)
 111   2                      {
 112   3                              Parm_Freq_Buf += 500;
 113   3                              if(Parm_Freq_Buf > 12000)
 114   3                              {
 115   4                                      Parm_Freq_Buf = 1000;
 116   4                              }
C51 COMPILER V9.60.0.0   KEY                                                               05/31/2023 18:42:32 PAGE 3   

 117   3                      }
 118   2                      else if(Menu_Parm == 1)
 119   2                      {
 120   3                              Parm_RH_Buf += 10;
 121   3                              if(Parm_RH_Buf > 60)
 122   3                              {
 123   4                                      Parm_RH_Buf = 10;
 124   4                              }
 125   3                      }
 126   2                      else if(Menu_Parm == 2)
 127   2                      {
 128   3                              Parm_Distence_Buf += 10;
 129   3                              if(Parm_Distence_Buf > 120)
 130   3                              {
 131   4                                      Parm_Distence_Buf = 10;
 132   4                              }
 133   3                      }
 134   2              }
 135   1              else if(Menu_Mode == 2)
 136   1              {
 137   2                      distence_mode = ~distence_mode;
 138   2              }
 139   1      }
 140          
 141          void ParmSelectModeS5()
 142          {
 143   1              if(Menu_Mode == 3)
 144   1              {
 145   2                      Menu_Parm++;
 146   2                      if(Menu_Parm > 2)
 147   2                      {
 148   3                              Menu_Parm = 0;
 149   3                      }
 150   2              }
 151   1      }
 152          
 153          void MenuSelectModeS4()
 154          {
 155   1              Menu_Mode++;
 156   1              if(Menu_Mode > 3)
 157   1              {
 158   2                      Menu_Mode = 0;
 159   2                      Menu_Parm = 0;
 160   2                      Parm_Freq = Parm_Freq_Buf;
 161   2                      Parm_RH = Parm_RH_Buf;
 162   2                      Parm_Distence = Parm_Distence_Buf;
 163   2              }
 164   1      }
 165          
 166          
 167          
 168          void KeyDriver()
 169          {
 170   1              unsigned char i = 0;
 171   1              static unsigned char Key_Backup[4] = {1,1,1,1};
 172   1              
 173   1              for(i=0;i<4;i++)
 174   1              {
 175   2                      if(Key_Backup[i] != Key_Sta[i])
 176   2                      {
 177   3                              if(Key_Backup[i] == 1)
 178   3                              {
C51 COMPILER V9.60.0.0   KEY                                                               05/31/2023 18:42:32 PAGE 4   

 179   4                                      KeyAction0(Key_Map[i]);
 180   4                              }
 181   3                              else
 182   3                              {
 183   4                                      KeyAction1(Key_Map[i]);
 184   4                              }
 185   3                              Key_Backup[i] = Key_Sta[i];
 186   3                      }
 187   2              }
 188   1      }
 189          
 190          
 191          
 192          void KeyScan()
 193          {
 194   1              static unsigned char Key_Out = 0;
 195   1              static unsigned char Key_Buff[4] = {0xFF,0xFF,0xFF,0xFF};
 196   1              
 197   1              switch(Key_Out)
 198   1              {
 199   2                      case 0: Key_Buff[0] = (Key_Buff[0] << 1) | KEY_OUT_0; break;
 200   2                      case 1: Key_Buff[1] = (Key_Buff[1] << 1) | KEY_OUT_1; break;
 201   2                      case 2: Key_Buff[2] = (Key_Buff[2] << 1) | KEY_OUT_2; break;
 202   2                      case 3: Key_Buff[3] = (Key_Buff[3] << 1) | KEY_OUT_3; break;
 203   2                      default: break;
 204   2              }
 205   1              
 206   1              if((Key_Buff[Key_Out] & 0x0F) == 0x00)
 207   1              {
 208   2                      Key_Sta[Key_Out] = 0;
 209   2              }
 210   1              else if((Key_Buff[Key_Out] & 0x0F) == 0x0F)
 211   1              {
 212   2                      Key_Sta[Key_Out] = 1;
 213   2              }
 214   1              
 215   1              Key_Out++;
 216   1              Key_Out &= 0x03;
 217   1      }
 218          
 219          
 220          
 221          
 222          
 223          
 224          
 225          
 226          
 227          
 228          
 229          
 230          


MODULE INFORMATION:   STATIC OVERLAYABLE
   CODE SIZE        =    515    ----
   CONSTANT SIZE    =   ----    ----
   XDATA SIZE       =   ----    ----
   PDATA SIZE       =   ----    ----
   DATA SIZE        =     27       2
   IDATA SIZE       =   ----    ----
   BIT SIZE         =      3    ----
C51 COMPILER V9.60.0.0   KEY                                                               05/31/2023 18:42:32 PAGE 5   

END OF MODULE INFORMATION.


C51 COMPILATION COMPLETE.  0 WARNING(S),  0 ERROR(S)
