C51 COMPILER V9.60.0.0   PCF8591                                                           05/30/2023 22:30:28 PAGE 1   


C51 COMPILER V9.60.0.0, COMPILATION OF MODULE PCF8591
OBJECT MODULE PLACED IN .\Objects\PCF8591.obj
COMPILER INVOKED BY: E:\keil5\keil5\C51\BIN\C51.EXE System\PCF8591.c OPTIMIZE(8,SPEED) BROWSE INCDIR(.\User;.\Driver;.\S
                    -ystem;.\Config) DEBUG OBJECTEXTEND PRINT(.\Listings\PCF8591.lst) OBJECT(.\Objects\PCF8591.obj)

line level    source

   1          #include "PCF8591.h"
   2          
   3          
   4          
   5          
   6          
   7          
   8          void ADC_Data_Read_AIN3(unsigned char *dat)
   9          {
  10   1              I2CStart();
  11   1              I2CSendByte(0x90);
  12   1              I2CWaitAck();
  13   1              I2CSendByte(0x03);
  14   1              I2CWaitAck();
  15   1              
  16   1              I2CStart();
  17   1              I2CSendByte(0x91);
  18   1              I2CWaitAck();   
  19   1              
  20   1              *dat = I2CReceiveByte();
  21   1              I2CSendAck(1);
  22   1              I2CStop();
  23   1      }
  24          
  25          void DAC_Output(unsigned char dat)
  26          {
  27   1              I2CStart();
  28   1              I2CSendByte(0x90);
  29   1              I2CWaitAck();
  30   1              I2CSendByte(0x40);
  31   1              I2CWaitAck();   
  32   1              I2CSendByte(dat);
  33   1              I2CWaitAck();   
  34   1              I2CStop();      
  35   1      }
  36          
  37          
  38          
  39          
  40          
  41          
  42          
  43          
  44          
  45          
  46          
  47          


MODULE INFORMATION:   STATIC OVERLAYABLE
   CODE SIZE        =     89    ----
   CONSTANT SIZE    =   ----    ----
   XDATA SIZE       =   ----    ----
   PDATA SIZE       =   ----    ----
C51 COMPILER V9.60.0.0   PCF8591                                                           05/30/2023 22:30:28 PAGE 2   

   DATA SIZE        =   ----       4
   IDATA SIZE       =   ----    ----
   BIT SIZE         =   ----    ----
END OF MODULE INFORMATION.


C51 COMPILATION COMPLETE.  0 WARNING(S),  0 ERROR(S)
