C51 COMPILER V9.60.0.0   SONIC                                                             06/05/2023 12:20:55 PAGE 1   


C51 COMPILER V9.60.0.0, COMPILATION OF MODULE SONIC
OBJECT MODULE PLACED IN .\Objects\sonic.obj
COMPILER INVOKED BY: E:\keil5\keil5\C51\BIN\C51.EXE Driver\sonic.c OPTIMIZE(8,SPEED) BROWSE INCDIR(.\User;.\Driver;.\Sys
                    -tem;.\Config) DEBUG OBJECTEXTEND PRINT(.\Listings\sonic.lst) OBJECT(.\Objects\sonic.obj)

line level    source

   1          #include "sonic.h"
   2          
   3          
   4          sbit TX = P1^0;
   5          sbit RX = P1^1;
   6          
   7          unsigned int Sonic_Data_Distence = 0;
   8          
   9          bit flag_Sonic_Far = 0;
  10          
  11          
  12          void InitPCA()
  13          {
  14   1              CMOD |= 0x80;
  15   1              CCON = 0x00;
  16   1      }
  17          
  18          void Delay13us()                //@12.000MHz
  19          {
  20   1              unsigned char i;
  21   1      
  22   1              _nop_();
  23   1              _nop_();
  24   1              i = 36;
  25   1              while (--i);
  26   1      }
  27          
  28          void SendWave()
  29          {
  30   1              unsigned char i = 0;
  31   1              
  32   1              EA = 0;
  33   1              for(i=0;i<8;i++)
  34   1              {
  35   2                      TX = 1;
  36   2                      Delay13us();
  37   2                      TX = 0;
  38   2                      Delay13us();
  39   2              }
  40   1              EA = 1;
  41   1      }
  42          
  43          
  44          void SonicDataRead()
  45          {
  46   1              unsigned int Sonic_Time_Buf = 0;
  47   1              float Distence_Buf = 0;
  48   1              
  49   1              CH = 0x00;
  50   1              CL = 0x00;
  51   1              
  52   1              SendWave();
  53   1              CR = 1;
  54   1              while((CF == 0) && (RX == 1));
C51 COMPILER V9.60.0.0   SONIC                                                             06/05/2023 12:20:55 PAGE 2   

  55   1              CR = 0;
  56   1              
  57   1              if(CF == 1)
  58   1              {
  59   2                      CF = 0;
  60   2                      flag_Sonic_Far = 1;
  61   2                      Sonic_Data_Distence = 999;
  62   2              }
  63   1              else
  64   1              {
  65   2                      flag_Sonic_Far = 0;
  66   2                      Sonic_Time_Buf = CH;
  67   2                      Sonic_Time_Buf = (Sonic_Time_Buf << 8) | CL;
  68   2                      Distence_Buf = Sonic_Time_Buf;
  69   2                      Distence_Buf = Distence_Buf*0.017;
  70   2                      Sonic_Data_Distence = Distence_Buf; 
  71   2              }       
  72   1      }
  73          
  74          
  75          
  76          
  77          
  78          
  79          
  80          
  81          
  82          
  83          
  84          
  85          
  86          
  87          
  88          
  89          
  90          
  91          


MODULE INFORMATION:   STATIC OVERLAYABLE
   CODE SIZE        =    142    ----
   CONSTANT SIZE    =   ----    ----
   XDATA SIZE       =   ----    ----
   PDATA SIZE       =   ----    ----
   DATA SIZE        =      2       4
   IDATA SIZE       =   ----    ----
   BIT SIZE         =      1    ----
END OF MODULE INFORMATION.


C51 COMPILATION COMPLETE.  0 WARNING(S),  0 ERROR(S)
